Microchip MPLAB XC8 Compiler V2.41

Linker command line:

-W-3 \
  --edf=C:\Program Files\Microchip\xc8\v2.41\pic\dat\20230208172133_en.msgs \
  -cn -h+dist/default/production\PIC18F47J53_002.X.production.sym \
  --cmf=dist/default/production\PIC18F47J53_002.X.production.cmf -z \
  -Q18F47J53 -oC:\Users\nosak\AppData\Local\Temp\xcAsq9s.\driver_tmp_3.o \
  --defsym=__MPLAB_BUILD=1 --fixupoverflow=error \
  -Mdist/default/production/PIC18F47J53_002.X.production.map \
  --md=C:\Users\nosak\AppData\Local\Temp\xcAsq9s.\driver_tmp_0.dat -E1 \
  -ver=XC8 Compiler --acfsm=1493 -ACODE=00h-01FFF7h -ACONST=00h-01FFF7h \
  -ASMALLCONST=01000h-010FFhx495,01FF00h-01FFF7h \
  -AMEDIUMCONST=01000h-0FFFFh,011000h-01FFF7h -ACOMRAM=01h-05Fh \
  -AABS1=00h-0EAFh -ABIGRAM=01h-0EAFh \
  -ARAM=060h-0FFh,0100h-01FFhx13,0E00h-0EAFh -ABANK0=060h-0FFh \
  -ABANK1=0100h-01FFh -ABANK2=0200h-02FFh -ABANK3=0300h-03FFh \
  -ABANK4=0400h-04FFh -ABANK5=0500h-05FFh -ABANK6=0600h-06FFh \
  -ABANK7=0700h-07FFh -ABANK8=0800h-08FFh -ABANK9=0900h-09FFh \
  -ABANK10=0A00h-0AFFh -ABANK11=0B00h-0BFFh -ABANK12=0C00h-0CFFh \
  -ABANK13=0D00h-0DFFh -ABANK14=0E00h-0EAFh \
  -ASFR=0EB0h-0EFFh,0F00h-0F5Fh,0F60h-0FFFh -ABIGSFR=0EB0h-0FFFh \
  -ACONFIG=01FFF8h-01FFFFh \
  -preset_vec=00h,intcode=08h,intcodelo=018h,powerup,init -pramtop=01000h \
  -psmallconst=SMALLCONST -pmediumconst=MEDIUMCONST -pconst=CONST \
  -AFARRAM=00h-00h -pjflash_buffer=01F800h \
  -prdata=COMRAM,nvrram=COMRAM,nvbit=COMRAM,rbss=COMRAM,rbit=COMRAM \
  -pfarbss=FARRAM,fardata=FARRAM,nvFARRAM=FARRAM \
  -pintsave_regs=BIGRAM,bigbss=BIGRAM,bigdata=BIGRAM -pbss=RAM \
  -pidata=CODE,irdata=CODE,ibigdata=CODE,ifardata=CODE -prparam=COMRAM \
  C:\Users\nosak\AppData\Local\Temp\xcAsq9s.\driver_tmp_14.o \
  dist/default/production\PIC18F47J53_002.X.production.o 

Object code version is 3.11

Machine type is 18F47J53



                Name                               Link     Load   Length Selector   Space Scale
C:\Users\nosak\AppData\Local\Temp\xcAsq9s.\driver_tmp_14.o
                config                            1FFF8    1FFF8        8        0       4
                init                                 26       26        4        C       0
                reset_vec                             0        0        4        0       0
dist/default/production\PIC18F47J53_002.X.production.o
                intcodelo                            18       18        E        C       0
                intcode                               8        8        6        4       0
                config                            1FFF8    1FFF8        8        0       4
                temp                                 5B       5B        1        1       1
                mediumconst                        F5B6     F5B6      A4A     7ADB       0
                text151                           17A2C    17A2C        2     BCCB       0
                text150                           1778C    1778C       2E     8000       0
                text149                           17A0C    17A0C        8     BCCB       0
                text148                           16C50    16C50       6E     8000       0
                text147                           1750E    1750E       3E     8000       0
                text146                           14A1E    14A1E      114     8000       0
                text145                           14C40    14C40      10C     8000       0
                text144                           15434    15434       EE     8000       0
                text143                           13D3E    13D3E      142     8000       0
                text142                           16AFA    16AFA       74     8000       0
                text141                           17884    17884       24     8000       0
                text140                           17384    17384       46     8000       0
                text139                           1733E    1733E       46     8000       0
                text138                           15250    15250       F6     8000       0
                text137                           163DE    163DE       B0     8000       0
                text136                           17140    17140       4C     8000       0
                text135                           1423E    1423E      13E     8000       0
                text134                           16D2A    16D2A       68     8000       0
                text133                           17588    17588       3C     8000       0
                text132                           172F8    172F8       46     8000       0
                text131                           16682    16682       98     8000       0
                text130                           14F5C    14F5C      106     8000       0
                text129                           1632E    1632E       B0     8000       0
                text128                           116C0    116C0      350     8000       0
                text127                           13556    13556      172     8000       0
                text126                           147F4    147F4      116     8000       0
                text125                           133E0    133E0      176     8000       0
                text124                           156FA    156FA       E6     8000       0
                text123                           145C0    145C0      11E     8000       0
                text122                           1653A    1653A       AC     8000       0
                text121                           13FC0    13FC0      140     8000       0
                text120                           167AA    167AA       8E     8000       0
                text119                           170A4    170A4       50     8000       0
                text118                           15EF4    15EF4       BA     8000       0
                text117                           13970    13970      148     8000       0
                text116                           1766C    1766C       34     8000       0
                text115                           16DF4    16DF4       62     8000       0
                text114                           1775E    1775E       2E     8000       0
                text113                           174CE    174CE       40     8000       0
                text112                           12566    12566      240     8000       0
                text111                           17A20    17A20        6     BCCB       0
                text110                           16BE0    16BE0       70     8000       0
                intcode_body                      1560E    1560E       EC     8000       0
                text107                           15B32    15B32       C6     8000       0
                text106                           161CC    161CC       B2     8000       0
                text105                           1740C    1740C       42     8000       0
                text104                           13BFC    13BFC      142     8000       0
                text103                           12DA2    12DA2      1AA     8000       0
                text102                           16A86    16A86       74     8000       0
                text101                           15CBC    15CBC       C0     8000       0
                text100                           15A66    15A66       CC     8000       0
                text99                            1726A    1726A       48     8000       0
                text98                            1627E    1627E       B0     8000       0
                text97                            12BD0    12BD0      1D2     8000       0
                text96                            17838    17838       28     8000       0
                text95                            15994    15994       D2     8000       0
                text94                            16F5C    16F5C       54     8000       0
                text93                            12F4C    12F4C      19E     8000       0
                text92                            15062    15062       F8     8000       0
                text91                            136C8    136C8      15A     8000       0
                text90                            10FF4    10FF4      376     8000       0
                text89                            16EB2    16EB2       56     8000       0
                text88                            17810    17810       28     8000       0
                text87                            17700    17700       30     8000       0
                text86                            146DE    146DE      116     8000       0
                text85                            178FE    178FE       1C     8000       0
                text84                            178E2    178E2       1C     8000       0
                text83                            17A04    17A04        8     BCCB       0
                text82                            179FC    179FC        8     BCCB       0
                text81                            1748E    1748E       40     8000       0
                text80                            17934    17934       1A     8000       0
                text79                            157E0    157E0       E2     8000       0
                text78                            16A12    16A12       74     8000       0
                text77                            179D0    179D0       12     BCCB       0
                text76                            17054    17054       50     8000       0
                text75                            129DE    129DE      1F2     8000       0
                text74                            17A2A    17A2A        2     BCCB       0
                text73                            17966    17966       18     8000       0
                text72                            178A8    178A8       1E     8000       0
                text71                            170F4    170F4       4C     8000       0
                text70                            1490A    1490A      114     8000       0
                text69                            14B32    14B32      10E     8000       0
                text68                            15346    15346       EE     8000       0
                text67                            13AB8    13AB8      144     8000       0
                text66                            1699E    1699E       74     8000       0
                text65                            17860    17860       24     8000       0
                text64                            17220    17220       4A     8000       0
                text63                            171D6    171D6       4A     8000       0
                text62                            1515A    1515A       F6     8000       0
                text61                            16066    16066       B4     8000       0
                text60                            16F08    16F08       54     8000       0
                text59                            16CBE    16CBE       6C     8000       0
                text58                            1744E    1744E       40     8000       0
                text57                            1718C    1718C       4A     8000       0
                text56                            165E6    165E6       9C     8000       0
                text55                            14E54    14E54      108     8000       0
                text54                            1611A    1611A       B2     8000       0
                text53                            10C7E    10C7E      376     8000       0
                text52                            130EA    130EA      17E     8000       0
                text51                            1449E    1449E      122     8000       0
                text50                            13268    13268      178     8000       0
                text49                            15522    15522       EC     8000       0
                text48                            1437C    1437C      122     8000       0
                text47                            1648E    1648E       AC     8000       0
                text46                            13E80    13E80      140     8000       0
                text45                            1671A    1671A       90     8000       0
                text44                            17002    17002       52     8000       0
                text43                            15E3A    15E3A       BA     8000       0
                text42                            13822    13822      14E     8000       0
                text41                            17638    17638       34     8000       0
                text40                            16D92    16D92       62     8000       0
                text39                            176D0    176D0       30     8000       0
                text38                            173CA    173CA       42     8000       0
                text37                            12320    12320      246     8000       0
                text36                            179AA    179AA       14     BCCB       0
                text35                            17996    17996       14     BCCB       0
                text34                            1794E    1794E       18     8000       0
                text33                            10000    10000      4D2     8000       0
                text32                            15BF8    15BF8       C4     8000       0
                text31                            11A10    11A10      324     8000       0
                text30                            1754C    1754C       3C     8000       0
                text29                            16838    16838       7A     8000       0
                text28                            158C2    158C2       D2     8000       0
                text27                            1791A    1791A       1A     8000       0
                text26                            177E6    177E6       2A     8000       0
                text25                            16928    16928       76     8000       0
                text24                            108B0    108B0      3CE     8000       0
                text23                            15FAE    15FAE       B8     8000       0
                text22                            175FE    175FE       3A     8000       0
                text21                            17730    17730       2E     8000       0
                text20                            1136A    1136A      356     8000       0
                text19                            168B2    168B2       76     8000       0
                text18                            179F2    179F2        A     BCCB       0
                text17                            17A1A    17A1A        6     BCCB       0
                text16                            17A14    17A14        6     BCCB       0
                text15                            12038    12038      2E8     8000       0
                text14                            175C4    175C4       3A     8000       0
                text13                            127A6    127A6      238     8000       0
                text12                            16B6E    16B6E       72     8000       0
                text11                            16FB0    16FB0       52     8000       0
                text10                            14D4C    14D4C      108     8000       0
                text9                             176A0    176A0       30     8000       0
                text8                             11D34    11D34      304     8000       0
                text7                             104D2    104D2      3DE     8000       0
                text6                             178C6    178C6       1C     8000       0
                text5                             177BA    177BA       2C     8000       0
                text4                             172B2    172B2       46     8000       0
                text3                             17A28    17A28        2     BCCB       0
                text2                             16E56    16E56       5C     8000       0
                text1                             179E2    179E2       10     BCCB       0
                text0                             14100    14100      13E     8000       0
                cstackCOMRAM                         2E       2E       2D        1       1
                cstackBANK0                          60       60       73       60       1
                cstackBANK1                         1A6      1A6       3C      100       1
                bssBIGRAMl                          480      480      248      480       1
                bssBANK4                            400      400       80      400       1
                bssBANK3                            300      300       A4      300       1
                dataBANK2                           2E0      2E0       12      200       1
                bssBANK2                            200      200       E0      200       1
                dataBANK1                           1E2      1E2       17      100       1
                bssBANK1                            100      100       A6      100       1
                dataBANK0                            FD       FD        2       60       1
                bssBANK0                             D3       D3       2A       60       1
                bssCOMRAM                             1        1       2D        1       1
                cinit                             15D7C    15D7C       BE     8000       0
                idataBANK2                        179BE    179BE       12     BCCB       0
                idataBANK1                        1797E    1797E       17     8000       0
                idataBANK0                        17A26    17A26        2     BCCB       0

TOTAL           Name                               Link     Load   Length     Space
        CLASS   CODE           
                intcodelo                            18       18        E         0
                intcode                               8        8        6         0
                init                                 26       26        4         0
                reset_vec                             0        0        4         0
                text151                           17A2C    17A2C        2         0
                text150                           1778C    1778C       2E         0
                text149                           17A0C    17A0C        8         0
                text148                           16C50    16C50       6E         0
                text147                           1750E    1750E       3E         0
                text146                           14A1E    14A1E      114         0
                text145                           14C40    14C40      10C         0
                text144                           15434    15434       EE         0
                text143                           13D3E    13D3E      142         0
                text142                           16AFA    16AFA       74         0
                text141                           17884    17884       24         0
                text140                           17384    17384       46         0
                text139                           1733E    1733E       46         0
                text138                           15250    15250       F6         0
                text137                           163DE    163DE       B0         0
                text136                           17140    17140       4C         0
                text135                           1423E    1423E      13E         0
                text134                           16D2A    16D2A       68         0
                text133                           17588    17588       3C         0
                text132                           172F8    172F8       46         0
                text131                           16682    16682       98         0
                text130                           14F5C    14F5C      106         0
                text129                           1632E    1632E       B0         0
                text128                           116C0    116C0      350         0
                text127                           13556    13556      172         0
                text126                           147F4    147F4      116         0
                text125                           133E0    133E0      176         0
                text124                           156FA    156FA       E6         0
                text123                           145C0    145C0      11E         0
                text122                           1653A    1653A       AC         0
                text121                           13FC0    13FC0      140         0
                text120                           167AA    167AA       8E         0
                text119                           170A4    170A4       50         0
                text118                           15EF4    15EF4       BA         0
                text117                           13970    13970      148         0
                text116                           1766C    1766C       34         0
                text115                           16DF4    16DF4       62         0
                text114                           1775E    1775E       2E         0
                text113                           174CE    174CE       40         0
                text112                           12566    12566      240         0
                text111                           17A20    17A20        6         0
                text110                           16BE0    16BE0       70         0
                intcode_body                      1560E    1560E       EC         0
                text107                           15B32    15B32       C6         0
                text106                           161CC    161CC       B2         0
                text105                           1740C    1740C       42         0
                text104                           13BFC    13BFC      142         0
                text103                           12DA2    12DA2      1AA         0
                text102                           16A86    16A86       74         0
                text101                           15CBC    15CBC       C0         0
                text100                           15A66    15A66       CC         0
                text99                            1726A    1726A       48         0
                text98                            1627E    1627E       B0         0
                text97                            12BD0    12BD0      1D2         0
                text96                            17838    17838       28         0
                text95                            15994    15994       D2         0
                text94                            16F5C    16F5C       54         0
                text93                            12F4C    12F4C      19E         0
                text92                            15062    15062       F8         0
                text91                            136C8    136C8      15A         0
                text90                            10FF4    10FF4      376         0
                text89                            16EB2    16EB2       56         0
                text88                            17810    17810       28         0
                text87                            17700    17700       30         0
                text86                            146DE    146DE      116         0
                text85                            178FE    178FE       1C         0
                text84                            178E2    178E2       1C         0
                text83                            17A04    17A04        8         0
                text82                            179FC    179FC        8         0
                text81                            1748E    1748E       40         0
                text80                            17934    17934       1A         0
                text79                            157E0    157E0       E2         0
                text78                            16A12    16A12       74         0
                text77                            179D0    179D0       12         0
                text76                            17054    17054       50         0
                text75                            129DE    129DE      1F2         0
                text74                            17A2A    17A2A        2         0
                text73                            17966    17966       18         0
                text72                            178A8    178A8       1E         0
                text71                            170F4    170F4       4C         0
                text70                            1490A    1490A      114         0
                text69                            14B32    14B32      10E         0
                text68                            15346    15346       EE         0
                text67                            13AB8    13AB8      144         0
                text66                            1699E    1699E       74         0
                text65                            17860    17860       24         0
                text64                            17220    17220       4A         0
                text63                            171D6    171D6       4A         0
                text62                            1515A    1515A       F6         0
                text61                            16066    16066       B4         0
                text60                            16F08    16F08       54         0
                text59                            16CBE    16CBE       6C         0
                text58                            1744E    1744E       40         0
                text57                            1718C    1718C       4A         0
                text56                            165E6    165E6       9C         0
                text55                            14E54    14E54      108         0
                text54                            1611A    1611A       B2         0
                text53                            10C7E    10C7E      376         0
                text52                            130EA    130EA      17E         0
                text51                            1449E    1449E      122         0
                text50                            13268    13268      178         0
                text49                            15522    15522       EC         0
                text48                            1437C    1437C      122         0
                text47                            1648E    1648E       AC         0
                text46                            13E80    13E80      140         0
                text45                            1671A    1671A       90         0
                text44                            17002    17002       52         0
                text43                            15E3A    15E3A       BA         0
                text42                            13822    13822      14E         0
                text41                            17638    17638       34         0
                text40                            16D92    16D92       62         0
                text39                            176D0    176D0       30         0
                text38                            173CA    173CA       42         0
                text37                            12320    12320      246         0
                text36                            179AA    179AA       14         0
                text35                            17996    17996       14         0
                text34                            1794E    1794E       18         0
                text33                            10000    10000      4D2         0
                text32                            15BF8    15BF8       C4         0
                text31                            11A10    11A10      324         0
                text30                            1754C    1754C       3C         0
                text29                            16838    16838       7A         0
                text28                            158C2    158C2       D2         0
                text27                            1791A    1791A       1A         0
                text26                            177E6    177E6       2A         0
                text25                            16928    16928       76         0
                text24                            108B0    108B0      3CE         0
                text23                            15FAE    15FAE       B8         0
                text22                            175FE    175FE       3A         0
                text21                            17730    17730       2E         0
                text20                            1136A    1136A      356         0
                text19                            168B2    168B2       76         0
                text18                            179F2    179F2        A         0
                text17                            17A1A    17A1A        6         0
                text16                            17A14    17A14        6         0
                text15                            12038    12038      2E8         0
                text14                            175C4    175C4       3A         0
                text13                            127A6    127A6      238         0
                text12                            16B6E    16B6E       72         0
                text11                            16FB0    16FB0       52         0
                text10                            14D4C    14D4C      108         0
                text9                             176A0    176A0       30         0
                text8                             11D34    11D34      304         0
                text7                             104D2    104D2      3DE         0
                text6                             178C6    178C6       1C         0
                text5                             177BA    177BA       2C         0
                text4                             172B2    172B2       46         0
                text3                             17A28    17A28        2         0
                text2                             16E56    16E56       5C         0
                text1                             179E2    179E2       10         0
                text0                             14100    14100      13E         0
                cinit                             15D7C    15D7C       BE         0
                idataBANK2                        179BE    179BE       12         0
                idataBANK1                        1797E    1797E       17         0
                idataBANK0                        17A26    17A26        2         0

        CLASS   CONST          

        CLASS   SMALLCONST     

        CLASS   MEDIUMCONST    
                mediumconst                        F5B6     F5B6      A4A         0

        CLASS   COMRAM         
                temp                                 5B       5B        1         1
                cstackCOMRAM                         2E       2E       2D         1
                bssCOMRAM                             1        1       2D         1

        CLASS   ABS1           
                abs_s1                              D00      D00       40         1

        CLASS   BIGRAM         
                bssBIGRAMl                          480      480      248         1

        CLASS   RAM            

        CLASS   BANK0          
                cstackBANK0                          60       60       73         1
                dataBANK0                            FD       FD        2         1
                bssBANK0                             D3       D3       2A         1

        CLASS   BANK1          
                cstackBANK1                         1A6      1A6       3C         1
                dataBANK1                           1E2      1E2       17         1
                bssBANK1                            100      100       A6         1

        CLASS   BANK2          
                dataBANK2                           2E0      2E0       12         1
                bssBANK2                            200      200       E0         1

        CLASS   BANK3          
                bssBANK3                            300      300       A4         1

        CLASS   BANK4          
                bssBANK4                            400      400       80         1

        CLASS   BANK5          

        CLASS   BANK6          

        CLASS   BANK7          

        CLASS   BANK8          

        CLASS   BANK9          

        CLASS   BANK10         

        CLASS   BANK11         

        CLASS   BANK12         

        CLASS   BANK13         

        CLASS   BANK14         

        CLASS   SFR            

        CLASS   BIGSFR         

        CLASS   CONFIG         
                config                            1FFF8    1FFF8        8         4

        CLASS   FARRAM         

        CLASS   HEAP           

        CLASS   STACK          

        CLASS   IDLOC          



SEGMENTS        Name                           Load    Length   Top    Selector   Space  Class

                reset_vec                      000000  000004  000004         0       0  CODE    
                bssCOMRAM                      000001  00005B  00005C         1       1  COMRAM  
                intcode                        000008  000006  00000E         4       0  CODE    
                intcodelo                      000018  000012  00002A         C       0  CODE    
                cstackBANK0                    000060  00009F  0000FF        60       1  BANK0   
                bssBANK1                       000100  0000F9  0001F9       100       1  BANK1   
                bssBANK2                       000200  0000F2  0002F2       200       1  BANK2   
                bssBANK3                       000300  0000A4  0003A4       300       1  BANK3   
                bssBANK4                       000400  000080  000480       400       1  BANK4   
                bssBIGRAMl                     000480  000248  0006C8       480       1  BIGRAM  
                mediumconst                    00F5B6  000A4A  010000      7ADB       0  MEDIUMCO
                text33                         010000  007995  017995      8000       0  CODE    
                text35                         017996  000098  017A2E      BCCB       0  CODE    


UNUSED ADDRESS RANGES

        Name                Unused          Largest block    Delta
        BANK0            000FF-000FF               1
        BANK1            001F9-001FF               7
        BANK10           00A00-00AFF             100
        BANK11           00B00-00BFF             100
        BANK12           00C00-00CFF             100
        BANK13           00D40-00DFF              C0
        BANK14           00E00-00EAF              B0
        BANK2            002F2-002FF               E
        BANK3            003A4-003FF              5C
        BANK6            006C8-006FF              38
        BANK7            00700-007FF             100
        BANK8            00800-008FF             100
        BANK9            00900-009FF             100
        BIGRAM           0005C-0005F               4
                         000FF-000FF               1
                         001F9-001FF               7
                         002F2-002FF               E
                         003A4-003FF              5C
                         006C8-00CFF             638
                         00D40-00EAF             170
        BIGSFR           00EB0-00FFF             150
        CODE             00004-00007               4
                         0000E-00017               A
                         0002A-0F5B5            F58C
                         17995-17995               1
                         17A2E-1FFF7            85CA
        COMRAM           0005C-0005F               4
        CONST            00004-00007               4
                         0000E-00017               A
                         0002A-0F5B5            F58C
                         17995-17995               1
                         17A2E-1FFF7            85CA
        MEDIUMCONST      01000-0F5B5            E5B6
                         17995-17995               1
                         17A2E-1FFF7            85CA
        RAM              000FF-000FF               1
                         001F9-001FF               7
                         002F2-002FF               E
                         003A4-003FF              5C
                         006C8-00CFF             100
                         00D40-00EAF              C0
        SFR              00EB0-00FFF              60
        SMALLCONST       01000-0F5B5             100
                         17995-17995               1
                         17A2E-1FFF7             100

                                  Symbol Table

?_USBTransferOnePacket                       cstackBANK0   00061
?___awdiv                                    cstackBANK0   00061
?___awmod                                    cstackBANK0   00061
?___fltol                                    cstackBANK0   00061
?___lwdiv                                    cstackBANK0   00061
?___wmul                                     cstackBANK0   00061
?_abs                                        cstackBANK0   00067
?_get_rtc_msec                               cstackBANK0   00061
?_getch                                      cstackBANK0   00070
?_isprint                                    cstackBANK0   00061
?_printf                                     cstackBANK0   000B5
?_read_prec_or_width                         cstackBANK0   00067
?_sprintf                                    cstackBANK0   000B5
?_strcmp                                     cstackBANK0   00067
?_strlen                                     cstackBANK0   00061
?_strncmp                                    cstackBANK0   00061
?_vfprintf                                   cstackBANK0   000AD
?i2_USBTransferOnePacket                     cstackCOMRAM  0002E
APP_DeviceCDCBasicDemoTasks@i                cstackBANK0   000C5
APP_LEDUpdateUSBStatus@ledCount              bssCOMRAM     00020
BUTTON_Enable@button                         cstackBANK0   00063
CDCTxService@byte_to_send                    cstackBANK0   0006D
CDCTxService@i                               cstackBANK0   0006C
DispLogData@i                                cstackBANK0   000C9
DispLogData@rpt                              cstackBANK0   000D1
DispMenue@i                                  cstackBANK0   000CB
DispMenue@type                               cstackBANK0   000CC
Get_rcv_data@dt                              cstackBANK0   00061
Init_Timer@i                                 cstackBANK0   00061
LED_Enable@led                               cstackBANK0   00063
LED_Off@led                                  cstackBANK0   00063
LED_On@led                                   cstackBANK0   00063
Rtc_Read@dt                                  cstackBANK0   00065
Rtc_Read@rtc                                 cstackBANK0   00063
SYSTEM_Initialize@pll_startup_counter        cstackBANK0   00067
SYSTEM_Initialize@pll_startup_counter_1841   cstackBANK0   00069
SYSTEM_Initialize@state                      cstackBANK0   00066
Send_RS485@i                                 cstackBANK0   00064
Send_RS485@msg                               cstackBANK0   00061
Send_RS485@num                               cstackBANK0   00063
SetLogData@dt1                               cstackBANK0   00069
SetLogData@dt2                               cstackBANK0   0006A
SetLogData@dt3                               cstackBANK0   0006B
SetLogData@dt4                               cstackBANK0   0006C
SetLogData@i                                 cstackBANK0   00072
SetLogData@string                            cstackBANK0   00067
SetLogData@type                              cstackBANK0   00071
SetSubStringData@cpt                         cstackBANK0   00068
SetSubStringData@dpt                         cstackBANK0   0006A
SetSubStringData@i                           cstackBANK0   00070
SetSubStringData@keta                        cstackBANK0   0006E
SetSubStringData@num                         cstackBANK0   0006D
Set_UasrtBauRaite@dt                         cstackBANK0   00061
Set_rcv_data@dt                              cstackCOMRAM  0002E
T100msecMainTask@rtc                         cstackBANK1   001D8
T100msecMainTask@string                      cstackBANK1   001A6
USBConfigureEndpoint@EPNum                   cstackBANK0   00068
USBConfigureEndpoint@direction               cstackBANK0   00061
USBConfigureEndpoint@handle                  cstackBANK0   00069
USBCtrlTrfInHandler@lastDTS                  cstackBANK0   00062
USBCtrlTrfRxService@byteToRead               cstackBANK0   00062
USBCtrlTrfRxService@i                        cstackBANK0   00061
USBCtrlTrfTxService@byteToSend               cstackBANK0   00061
USBDeviceInit@i                              cstackBANK0   0006D
USBDeviceTasks@i                             cstackBANK0   00081
USBEnableEndpoint@ep                         cstackBANK0   0006E
USBEnableEndpoint@options                    cstackBANK0   0006B
USBEnableEndpoint@p                          cstackBANK0   0006C
USBStdFeatureReqHandler@current_ep_data      cstackBANK0   0007B
USBStdFeatureReqHandler@p                    cstackBANK0   0007C
USBStdFeatureReqHandler@pUEP                 cstackBANK0   00079
USBStdGetStatusHandler@p                     cstackBANK0   00063
USBStdSetCfgHandler@i                        cstackBANK0   00077
USBTransferOnePacket@data                    cstackBANK0   00062
USBTransferOnePacket@dir                     cstackBANK0   00061
USBTransferOnePacket@ep                      cstackBANK0   00069
USBTransferOnePacket@handle                  cstackBANK0   0006A
USBTransferOnePacket@len                     cstackBANK0   00064
USER_USB_CALLBACK_EVENT_HANDLER@event        cstackBANK0   0006F
USER_USB_CALLBACK_EVENT_HANDLER@pdata        cstackBANK0   00071
USER_USB_CALLBACK_EVENT_HANDLER@size         cstackBANK0   00073
Wait@i                                       cstackBANK0   00064
Wait@num                                     cstackBANK0   00061
_ANCON0                                      (abs)         00F48
_ANCON1                                      (abs)         00F49
_ANCON1bits                                  (abs)         00F49
_APP_DeviceCDCBasicDemoInitialize            text65        17860
_APP_DeviceCDCBasicDemoTasks                 text86        146DE
_APP_LEDUpdateUSBStatus                      text62        1515A
_BAUDCON1                                    (abs)         00F7E
_BAUDCON1bits                                (abs)         00F7E
_BAUDCON2                                    (abs)         00F7C
_BAUDCON2bits                                (abs)         00F7C
_BDT                                         (abs)         00D00
_BUTTON_Enable                               text58        1744E
_BaudRateGen                                 bssBANK1      00131
_BothEP0OutUOWNsSet                          bssCOMRAM     00029
_CDCDataInHandle                             bssBANK1      0013F
_CDCDataOutHandle                            bssBANK0      000DD
_CDCInitEP                                   text59        16CBE
_CDCTxService                                text103       12DA2
_CharConv                                    dataBANK1     001E2
_Check100msTask                              text85        178FE
_Check1secTask                               text84        178E2
_Clear100msTaskFlg                           text83        17A04
_Clear1secTaskFlg                            text82        179FC
_CtrlTrfData                                 (abs)         00D38
_Deb_menue00                                 mediumconst   0F5F4
_Deb_menue01                                 mediumconst   0F702
_Deb_menue02                                 mediumconst   0F8BC
_DispLogData                                 text33        10000
_DispLogData$6186                            cstackBANK0   000CF
_DispLogData$6187                            cstackBANK0   000CD
_DispLogData$6188                            cstackBANK0   000CB
_DispLogData$6189                            cstackBANK0   000C7
_DispMenue                                   text32        15BF8
_EECON2                                      (abs)         00FA7
_FSEN                                        (abs)         079CA
_Get_rcv_data                                text9         176A0
_INTCON                                      (abs)         00FF2
_INTCON2                                     (abs)         00FF1
_INTCON3                                     (abs)         00FF0
_INTCONbits                                  (abs)         00FF2
_IPR1                                        (abs)         00F9F
_IPR1bits                                    (abs)         00F9F
_IPR2                                        (abs)         00FA2
_IPR2bits                                    (abs)         00FA2
_IPR3                                        (abs)         00FA5
_IPR4                                        (abs)         00F90
_IPR5                                        (abs)         00F99
_Init_Timer                                  text81        1748E
_Interrupt_RTC                               text151       17A2C
_Interrupt_Rx1                               text149       17A0C
_Interrupt_Timer0                            text148       16C50
_Interrupt_Timer1                            text147       1750E
_Interrupt_USB                               text111       17A20
_LATAbits                                    (abs)         00F89
_LATBbits                                    (abs)         00F8A
_LATEbits                                    (abs)         00F8D
_LED_Enable                                  text57        1718C
_LED_Off                                     text64        17220
_LED_On                                      text63        171D6
_MenueList                                   mediumconst   0F5E3
_OSCCON                                      (abs)         00FD3
_OSCCON2                                     (abs)         00F87
_OSCTUNE                                     (abs)         00F9B
_OSCTUNEbits                                 (abs)         00F9B
_PIE1                                        (abs)         00F9D
_PIE1bits                                    (abs)         00F9D
_PIE2                                        (abs)         00FA0
_PIE2bits                                    (abs)         00FA0
_PIE3                                        (abs)         00FA3
_PIE3bits                                    (abs)         00FA3
_PIE4                                        (abs)         00F8E
_PIE5                                        (abs)         00F91
_PIR1                                        (abs)         00F9E
_PIR1bits                                    (abs)         00F9E
_PIR2                                        (abs)         00FA1
_PIR2bits                                    (abs)         00FA1
_PIR3                                        (abs)         00FA4
_PIR3bits                                    (abs)         00FA4
_PIR4                                        (abs)         00F8F
_PIR5                                        (abs)         00F98
_PLLEN                                       (abs)         07CDE
_PORTA                                       (abs)         00F80
_PORTAbits                                   (abs)         00F80
_PORTB                                       (abs)         00F81
_PORTBbits                                   (abs)         00F81
_PORTC                                       (abs)         00F82
_PORTD                                       (abs)         00F83
_PORTDbits                                   (abs)         00F83
_PPSCONbits                                  (abs)         00EBF
_RBPU                                        (abs)         07F8F
_RCON                                        (abs)         00FD0
_RCONbits                                    (abs)         00FD0
_RCREG1                                      (abs)         00FAF
_RCSTA1                                      (abs)         00FAC
_RCSTA1bits                                  (abs)         00FAC
_RCSTA2                                      (abs)         00F9C
_RCSTA2bits                                  (abs)         00F9C
_RPINR16                                     (abs)         00EF7
_RPOR23                                      (abs)         00ED7
_RTCCFGbits                                  (abs)         00F3F
_RTCVALH                                     (abs)         00F3B
_RTCVALL                                     (abs)         00F3A
_RTCdt                                       bssBANK1      0011E
_RegiDisp                                    text31        11A10
_RemoteWakeup                                bssCOMRAM     0002B
_Res_mesg                                    bssBANK1      00183
_Rtc_Read                                    text79        157E0
_SKtimer_data                                bssBANK1      00128
_SPBRG1                                      (abs)         00FB0
_SPBRG2                                      (abs)         00FAB
_SPBRGH1                                     (abs)         00F7F
_SPBRGH2                                     (abs)         00F7D
_SSP1ADD                                     (abs)         00FC8
_SSP1CON1                                    (abs)         00FC6
_SSP1CON2                                    (abs)         00FC5
_SSP1STAT                                    (abs)         00FC7
_SSP2ADD                                     (abs)         00F74
_SSP2CON1                                    (abs)         00F72
_SSP2CON2                                    (abs)         00F71
_SSP2STAT                                    (abs)         00F73
_SYSTEM_Initialize                           text56        165E6
_Send_RS485                                  text11        16FB0
_SetLogData                                  text15        12038
_SetSubStringData                            text24        108B0
_Set_UasrtBauRaite                           text5         177BA
_Set_rcv_data                                text150       1778C
_SetupPkt                                    (abs)         00D30
_T0CON                                       (abs)         00FD5
_T0CONbits                                   (abs)         00FD5
_T100msecMainTask                            text75        129DE
_T1CON                                       (abs)         00FCD
_T1CONbits                                   (abs)         00FCD
_T1secMainTask                               text74        17A2A
_TMR0H                                       (abs)         00FD7
_TMR0L                                       (abs)         00FD6
_TMR1H                                       (abs)         00FCF
_TMR1L                                       (abs)         00FCE
_TRISA                                       (abs)         00F92
_TRISAbits                                   (abs)         00F92
_TRISB                                       (abs)         00F93
_TRISBbits                                   (abs)         00F93
_TRISC                                       (abs)         00F94
_TRISCbits                                   (abs)         00F94
_TRISD                                       (abs)         00F95
_TRISDbits                                   (abs)         00F95
_TRISE                                       (abs)         00F96
_TRISEbits                                   (abs)         00F96
_TXREG1                                      (abs)         00FAE
_TXSTA1                                      (abs)         00FAD
_TXSTA1bits                                  (abs)         00FAD
_TXSTA2                                      (abs)         00FA8
_TXSTA2bits                                  (abs)         00FA8
_Timer0_init                                 text73        17966
_Timer1_init                                 text72        178A8
_UADDR                                       (abs)         00F38
_UCFG                                        (abs)         00F39
_UCON                                        (abs)         00F65
_UCONbits                                    (abs)         00F65
_UEIE                                        (abs)         00F37
_UEIR                                        (abs)         00F63
_UEP0                                        (abs)         00F26
_UEP0bits                                    (abs)         00F26
_UEP1                                        (abs)         00F27
_UIE                                         (abs)         00F36
_UIEbits                                     (abs)         00F36
_UIR                                         (abs)         00F62
_UIRbits                                     (abs)         00F62
_USB1msTickCount                             bssBANK1      00135
_USBActiveConfiguration                      bssBANK0      000FC
_USBAlternateInterface                       bssBANK0      000F9
_USBBusIsSuspended                           bssCOMRAM     0002A
_USBCheckCDCRequest                          text55        14E54
_USBCheckStdRequest                          text48        1437C
_USBConfigureEndpoint                        text61        16066
_USBCtrlEPAllowDataStage                     text47        1648E
_USBCtrlEPAllowStatusStage                   text68        15346
_USBCtrlEPService                            text43        15E3A
_USBCtrlEPServiceComplete                    text46        13E80
_USBCtrlTrfInHandler                         text69        14B32
_USBCtrlTrfOutHandler                        text66        1699E
_USBCtrlTrfRxService                         text67        13AB8
_USBCtrlTrfSetupHandler                      text45        1671A
_USBCtrlTrfTxService                         text70        1490A
_USBDeferINDataStagePackets                  bssCOMRAM     00025
_USBDeferOUTDataStagePackets                 bssCOMRAM     00024
_USBDeferStatusStagePacket                   bssCOMRAM     00028
_USBDeviceAttach                             text71        170F4
_USBDeviceInit                               text42        13822
_USBDeviceState                              bssBANK0      000F8
_USBDeviceTasks                              text37        12320
_USBEnableEndpoint                           text60        16F08
_USBIncrement1msInternalTimers               text41        17638
_USBStallHandler                             text40        16D92
_USBStatusStageEnabledFlag1                  bssCOMRAM     00027
_USBStatusStageEnabledFlag2                  bssCOMRAM     00026
_USBStatusStageTimeoutCounter                bssBANK0      000EB
_USBStdFeatureReqHandler                     text53        10C7E
_USBStdGetDscHandler                         text52        130EA
_USBStdGetStatusHandler                      text51        1449E
_USBStdSetCfgHandler                         text49        15522
_USBSuspend                                  text39        176D0
_USBTicksSinceSuspendEnd                     bssCOMRAM     00023
_USBTransferOnePacket                        text104       13BFC
_USBWakeFromSuspend                          text38        173CA
_USB_CD_Ptr                                  mediumconst   0F5F2
_USB_SD_Ptr                                  mediumconst   0F5EC
_USB_start_dispg                             text34        1794E
_USER_USB_CALLBACK_EVENT_HANDLER             text54        1611A
_USTAT                                       (abs)         00F64
_USTATcopy                                   bssBANK0      000FB
_Wait                                        text30        1754C
_Wait2Connect                                text36        179AA
_Wait2TxRedy                                 text35        17996
__HRAM                                       (abs)         00000
__H__absolute__                              __absolute__  00000
__Habs1                                      abs1          00000
__Hbank0                                     bank0         00000
__Hbank1                                     bank1         00000
__Hbank10                                    bank10        00000
__Hbank11                                    bank11        00000
__Hbank12                                    bank12        00000
__Hbank13                                    bank13        00000
__Hbank14                                    bank14        00000
__Hbank2                                     bank2         00000
__Hbank3                                     bank3         00000
__Hbank4                                     bank4         00000
__Hbank5                                     bank5         00000
__Hbank6                                     bank6         00000
__Hbank7                                     bank7         00000
__Hbank8                                     bank8         00000
__Hbank9                                     bank9         00000
__Hbigbss                                    bigbss        00000
__Hbigdata                                   bigdata       00000
__Hbigram                                    bigram        00000
__Hbigsfr                                    bigsfr        00000
__Hbss                                       bss           00000
__HbssBANK0                                  bssBANK0      00000
__HbssBANK1                                  bssBANK1      00000
__HbssBANK2                                  bssBANK2      00000
__HbssBANK3                                  bssBANK3      00000
__HbssBANK4                                  bssBANK4      00000
__HbssBIGRAMl                                bssBIGRAMl    00000
__HbssCOMRAM                                 bssCOMRAM     00000
__Hcinit                                     cinit         00000
__Hclrtext                                   clrtext       00000
__Hcomram                                    comram        00000
__Hconfig                                    config        20000
__Hconst                                     const         00000
__HcstackBANK0                               cstackBANK0   00000
__HcstackBANK1                               cstackBANK1   00000
__HcstackCOMRAM                              cstackCOMRAM  00000
__Hdata                                      data          00000
__HdataBANK0                                 dataBANK0     00000
__HdataBANK1                                 dataBANK1     00000
__HdataBANK2                                 dataBANK2     00000
__Hfarbss                                    farbss        00000
__Hfardata                                   fardata       00000
__Hheap                                      heap          00000
__Hibigdata                                  ibigdata      00000
__Hidata                                     idata         00000
__HidataBANK0                                idataBANK0    00000
__HidataBANK1                                idataBANK1    00000
__HidataBANK2                                idataBANK2    00000
__Hidloc                                     idloc         00000
__Hifardata                                  ifardata      00000
__Hinit                                      init          0002A
__Hintcode                                   intcode       0000E
__Hintcode_body                              intcode_body  00000
__Hintcodelo                                 intcodelo     00026
__Hintentry                                  intentry      00000
__Hintret                                    intret        00000
__Hintsave_regs                              intsave_regs  00000
__Hirdata                                    irdata        00000
__Hjflash_buffer                             jflash_buffer 1F800
__Hmediumconst                               mediumconst   10000
__HnvFARRAM                                  nvFARRAM      00000
__Hnvbit                                     nvbit         00000
__Hnvrram                                    nvrram        00000
__Hparam                                     rparam        00000
__Hpowerup                                   powerup       00026
__Hram                                       ram           00000
__Hramtop                                    ramtop        01000
__Hrbit                                      rbit          00000
__Hrbss                                      rbss          00000
__Hrdata                                     rdata         00000
__Hreset_vec                                 reset_vec     00004
__Hrparam                                    rparam        00000
__Hsfr                                       sfr           00000
__Hsmallconst                                smallconst    00000
__Hspace_0                                   (abs)         1F800
__Hspace_1                                   (abs)         006C8
__Hspace_2                                   (abs)         00000
__Hspace_4                                   (abs)         3FFF8
__Hstack                                     stack         00000
__Hstruct                                    struct        00000
__Htemp                                      temp          0005C
__Htext                                      text          00000
__Htext0                                     text0         00000
__Htext1                                     text1         00000
__Htext10                                    text10        00000
__Htext100                                   text100       00000
__Htext101                                   text101       00000
__Htext102                                   text102       00000
__Htext103                                   text103       00000
__Htext104                                   text104       00000
__Htext105                                   text105       00000
__Htext106                                   text106       00000
__Htext107                                   text107       00000
__Htext11                                    text11        00000
__Htext110                                   text110       00000
__Htext111                                   text111       00000
__Htext112                                   text112       00000
__Htext113                                   text113       00000
__Htext114                                   text114       00000
__Htext115                                   text115       00000
__Htext116                                   text116       00000
__Htext117                                   text117       00000
__Htext118                                   text118       00000
__Htext119                                   text119       00000
__Htext12                                    text12        00000
__Htext120                                   text120       00000
__Htext121                                   text121       00000
__Htext122                                   text122       00000
__Htext123                                   text123       00000
__Htext124                                   text124       00000
__Htext125                                   text125       00000
__Htext126                                   text126       00000
__Htext127                                   text127       00000
__Htext128                                   text128       00000
__Htext129                                   text129       00000
__Htext13                                    text13        00000
__Htext130                                   text130       00000
__Htext131                                   text131       00000
__Htext132                                   text132       00000
__Htext133                                   text133       00000
__Htext134                                   text134       00000
__Htext135                                   text135       00000
__Htext136                                   text136       00000
__Htext137                                   text137       00000
__Htext138                                   text138       00000
__Htext139                                   text139       00000
__Htext14                                    text14        00000
__Htext140                                   text140       00000
__Htext141                                   text141       00000
__Htext142                                   text142       00000
__Htext143                                   text143       00000
__Htext144                                   text144       00000
__Htext145                                   text145       00000
__Htext146                                   text146       00000
__Htext147                                   text147       00000
__Htext148                                   text148       00000
__Htext149                                   text149       00000
__Htext15                                    text15        00000
__Htext150                                   text150       00000
__Htext151                                   text151       00000
__Htext16                                    text16        00000
__Htext17                                    text17        00000
__Htext18                                    text18        00000
__Htext19                                    text19        00000
__Htext2                                     text2         00000
__Htext20                                    text20        00000
__Htext21                                    text21        00000
__Htext22                                    text22        00000
__Htext23                                    text23        00000
__Htext24                                    text24        00000
__Htext25                                    text25        00000
__Htext26                                    text26        00000
__Htext27                                    text27        00000
__Htext28                                    text28        00000
__Htext29                                    text29        00000
__Htext3                                     text3         00000
__Htext30                                    text30        00000
__Htext31                                    text31        00000
__Htext32                                    text32        00000
__Htext33                                    text33        00000
__Htext34                                    text34        00000
__Htext35                                    text35        00000
__Htext36                                    text36        00000
__Htext37                                    text37        00000
__Htext38                                    text38        00000
__Htext39                                    text39        00000
__Htext4                                     text4         00000
__Htext40                                    text40        00000
__Htext41                                    text41        00000
__Htext42                                    text42        00000
__Htext43                                    text43        00000
__Htext44                                    text44        00000
__Htext45                                    text45        00000
__Htext46                                    text46        00000
__Htext47                                    text47        00000
__Htext48                                    text48        00000
__Htext49                                    text49        00000
__Htext5                                     text5         00000
__Htext50                                    text50        00000
__Htext51                                    text51        00000
__Htext52                                    text52        00000
__Htext53                                    text53        00000
__Htext54                                    text54        00000
__Htext55                                    text55        00000
__Htext56                                    text56        00000
__Htext57                                    text57        00000
__Htext58                                    text58        00000
__Htext59                                    text59        00000
__Htext6                                     text6         00000
__Htext60                                    text60        00000
__Htext61                                    text61        00000
__Htext62                                    text62        00000
__Htext63                                    text63        00000
__Htext64                                    text64        00000
__Htext65                                    text65        00000
__Htext66                                    text66        00000
__Htext67                                    text67        00000
__Htext68                                    text68        00000
__Htext69                                    text69        00000
__Htext7                                     text7         00000
__Htext70                                    text70        00000
__Htext71                                    text71        00000
__Htext72                                    text72        00000
__Htext73                                    text73        00000
__Htext74                                    text74        00000
__Htext75                                    text75        00000
__Htext76                                    text76        00000
__Htext77                                    text77        00000
__Htext78                                    text78        00000
__Htext79                                    text79        00000
__Htext8                                     text8         00000
__Htext80                                    text80        00000
__Htext81                                    text81        00000
__Htext82                                    text82        00000
__Htext83                                    text83        00000
__Htext84                                    text84        00000
__Htext85                                    text85        00000
__Htext86                                    text86        00000
__Htext87                                    text87        00000
__Htext88                                    text88        00000
__Htext89                                    text89        00000
__Htext9                                     text9         00000
__Htext90                                    text90        00000
__Htext91                                    text91        00000
__Htext92                                    text92        00000
__Htext93                                    text93        00000
__Htext94                                    text94        00000
__Htext95                                    text95        00000
__Htext96                                    text96        00000
__Htext97                                    text97        00000
__Htext98                                    text98        00000
__Htext99                                    text99        00000
__LRAM                                       (abs)         00001
__L__absolute__                              __absolute__  00000
__Labs1                                      abs1          00000
__Lbank0                                     bank0         00000
__Lbank1                                     bank1         00000
__Lbank10                                    bank10        00000
__Lbank11                                    bank11        00000
__Lbank12                                    bank12        00000
__Lbank13                                    bank13        00000
__Lbank14                                    bank14        00000
__Lbank2                                     bank2         00000
__Lbank3                                     bank3         00000
__Lbank4                                     bank4         00000
__Lbank5                                     bank5         00000
__Lbank6                                     bank6         00000
__Lbank7                                     bank7         00000
__Lbank8                                     bank8         00000
__Lbank9                                     bank9         00000
__Lbigbss                                    bigbss        00000
__Lbigdata                                   bigdata       00000
__Lbigram                                    bigram        00000
__Lbigsfr                                    bigsfr        00000
__Lbss                                       bss           00000
__LbssBANK0                                  bssBANK0      00000
__LbssBANK1                                  bssBANK1      00000
__LbssBANK2                                  bssBANK2      00000
__LbssBANK3                                  bssBANK3      00000
__LbssBANK4                                  bssBANK4      00000
__LbssBIGRAMl                                bssBIGRAMl    00000
__LbssCOMRAM                                 bssCOMRAM     00000
__Lcinit                                     cinit         00000
__Lclrtext                                   clrtext       00000
__Lcomram                                    comram        00000
__Lconfig                                    config        00000
__Lconst                                     const         00000
__LcstackBANK0                               cstackBANK0   00000
__LcstackBANK1                               cstackBANK1   00000
__LcstackCOMRAM                              cstackCOMRAM  00000
__Ldata                                      data          00000
__LdataBANK0                                 dataBANK0     00000
__LdataBANK1                                 dataBANK1     00000
__LdataBANK2                                 dataBANK2     00000
__Lfarbss                                    farbss        00000
__Lfardata                                   fardata       00000
__Lheap                                      heap          00000
__Libigdata                                  ibigdata      00000
__Lidata                                     idata         00000
__LidataBANK0                                idataBANK0    00000
__LidataBANK1                                idataBANK1    00000
__LidataBANK2                                idataBANK2    00000
__Lidloc                                     idloc         00000
__Lifardata                                  ifardata      00000
__Linit                                      init          00026
__Lintcode                                   intcode       00008
__Lintcode_body                              intcode_body  00000
__Lintcodelo                                 intcodelo     00018
__Lintentry                                  intentry      00000
__Lintret                                    intret        00000
__Lintsave_regs                              intsave_regs  00000
__Lirdata                                    irdata        00000
__Ljflash_buffer                             jflash_buffer 1F800
__Lmediumconst                               mediumconst   0F5B6
__LnvFARRAM                                  nvFARRAM      00000
__Lnvbit                                     nvbit         00000
__Lnvrram                                    nvrram        00000
__Lparam                                     rparam        00000
__Lpowerup                                   powerup       00026
__Lram                                       ram           00000
__Lramtop                                    ramtop        01000
__Lrbit                                      rbit          00000
__Lrbss                                      rbss          00000
__Lrdata                                     rdata         00000
__Lreset_vec                                 reset_vec     00000
__Lrparam                                    rparam        00000
__Lsfr                                       sfr           00000
__Lsmallconst                                smallconst    00000
__Lspace_0                                   (abs)         00000
__Lspace_1                                   (abs)         00000
__Lspace_2                                   (abs)         00000
__Lspace_4                                   (abs)         00000
__Lstack                                     stack         00000
__Lstruct                                    struct        00000
__Ltemp                                      temp          0005B
__Ltext                                      text          00000
__Ltext0                                     text0         00000
__Ltext1                                     text1         00000
__Ltext10                                    text10        00000
__Ltext100                                   text100       00000
__Ltext101                                   text101       00000
__Ltext102                                   text102       00000
__Ltext103                                   text103       00000
__Ltext104                                   text104       00000
__Ltext105                                   text105       00000
__Ltext106                                   text106       00000
__Ltext107                                   text107       00000
__Ltext11                                    text11        00000
__Ltext110                                   text110       00000
__Ltext111                                   text111       00000
__Ltext112                                   text112       00000
__Ltext113                                   text113       00000
[...]
i2memcpy@s                                   cstackCOMRAM  00036
i2memcpy@s1                                  cstackCOMRAM  00030
i2memcpy@tmp                                 cstackCOMRAM  00038
i2memset@c                                   cstackCOMRAM  00030
i2memset@dest                                cstackCOMRAM  0002E
i2memset@k                                   cstackCOMRAM  00036
i2memset@n                                   cstackCOMRAM  00032
i2memset@s                                   cstackCOMRAM  00038
input2menu@i                                 cstackBANK0   0006D
input2menu@rtn                               cstackBANK0   0006C
int$flags                                    temp          0005B
int_func                                     intcode_body  1560E
intlevel0                                    text          00000
intlevel1                                    text          00000
intlevel2                                    text          00000
intlevel3                                    text          00000
isa$std                                      (abs)         00001
isa$xinst                                    (abs)         00000
isprint@c                                    cstackBANK0   00061
memcpy@d                                     cstackBANK0   00068
memcpy@d1                                    cstackBANK0   00061
memcpy@n                                     cstackBANK0   00065
memcpy@s                                     cstackBANK0   0006A
memcpy@s1                                    cstackBANK0   00063
memcpy@tmp                                   cstackBANK0   00067
memset@c                                     cstackBANK0   00063
memset@dest                                  cstackBANK0   00061
memset@k                                     cstackBANK0   00069
memset@n                                     cstackBANK0   00065
memset@s                                     cstackBANK0   0006B
pad@buf                                      cstackBANK0   00082
pad@fp                                       cstackBANK0   00080
pad@i                                        cstackBANK0   00087
pad@p                                        cstackBANK0   00084
pad@w                                        cstackBANK0   00089
print_usb@pt                                 cstackBANK0   0006E
printf@ap                                    cstackBANK0   000C3
printf@fmt                                   cstackBANK0   000B5
putUSBUSART@data                             cstackBANK0   00061
putUSBUSART@length                           cstackBANK0   00063
putch485@c                                   cstackBANK0   00061
putch@c                                      cstackBANK0   0006E
putch@i                                      cstackBANK0   0006F
putrsUSBUSART@data                           cstackBANK0   00061
putrsUSBUSART@len                            cstackBANK0   00065
putrsUSBUSART@pData                          cstackBANK0   00063
putsUSBUSART@data                            cstackBANK0   00061
putsUSBUSART@len                             cstackBANK0   00065
putsUSBUSART@pData                           cstackBANK0   00063
read_line_streem@c                           cstackBANK0   000CA
read_line_streem@i                           cstackBANK0   000CB
read_line_streem@j                           cstackBANK0   000C8
read_line_streem@sub_cnt                     cstackBANK0   000C7
read_prec_or_width@ap                        cstackBANK0   00069
read_prec_or_width@c                         cstackBANK0   0006D
read_prec_or_width@fmt                       cstackBANK0   00067
read_prec_or_width@n                         cstackBANK0   0006E
rs485_com_task@dt                            cstackBANK1   001A6
rs485_com_task@dt32                          cstackBANK1   001AA
rs485_com_task@i                             cstackBANK1   001AF
rs485_com_task@num                           cstackBANK1   001B0
rs485_com_task@sum                           cstackBANK1   001AE
rtc_disp_log@dt                              cstackBANK0   000C6
rtc_disp_log@flg                             cstackBANK0   000C5
set_log_stop@flg                             cstackBANK0   00074
sprintf@ap                                   cstackBANK0   000BB
sprintf@f                                    cstackBANK0   000BD
sprintf@fmt                                  cstackBANK0   000B7
sprintf@s                                    cstackBANK0   000B5
ssCount_Timer@i                              cstackCOMRAM  00030
stackhi                                      (abs)         00000
stacklo                                      (abs)         00000
start                                        init          00026
start_initialization                         cinit         15D7C
stoa@F1156                                   dataBANK1     001F2
stoa@cp                                      cstackBANK0   00089
stoa@fp                                      cstackBANK0   00079
stoa@i                                       cstackBANK0   00085
stoa@l                                       cstackBANK0   0008D
stoa@nuls                                    cstackBANK0   0007E
stoa@p                                       cstackBANK0   0008B
stoa@s                                       cstackBANK0   0007B
stoa@w                                       cstackBANK0   00087
strcmp@l                                     cstackBANK0   00067
strcmp@r                                     cstackBANK0   00069
strlen@a                                     cstackBANK0   00063
strlen@s                                     cstackBANK0   00061
strncmp@_l                                   cstackBANK0   00061
strncmp@_r                                   cstackBANK0   00063
strncmp@l                                    cstackBANK0   00068
strncmp@n                                    cstackBANK0   00065
strncmp@r                                    cstackBANK0   0006A
ttemp5                                       temp          0005C
ttemp6                                       temp          0005F
ttemp7                                       temp          00063
uart485_init@dt                              cstackBANK0   00063
uart_init@dt                                 cstackBANK0   00063
vfpfcnvrt@ap                                 cstackBANK0   0009F
vfpfcnvrt@convarg                            cstackBANK0   000A7
vfpfcnvrt@cp                                 cstackBANK0   000AB
vfpfcnvrt@done                               cstackBANK0   000A3
vfpfcnvrt@fmt                                cstackBANK0   0009D
vfpfcnvrt@fp                                 cstackBANK0   0009B
vfprintf@ap                                  cstackBANK0   000B1
vfprintf@cfmt                                cstackBANK0   000B3
vfprintf@fmt                                 cstackBANK0   000AF
vfprintf@fp                                  cstackBANK0   000AD
wtemp8                                       temp          0005C
xtoa@c                                       cstackBANK0   0009A
xtoa@d                                       cstackBANK0   0008D
xtoa@fp                                      cstackBANK0   0008B
xtoa@i                                       cstackBANK0   00098
xtoa@p                                       cstackBANK0   00094
xtoa@w                                       cstackBANK0   00096


MODULE INFORMATION

Module		Function		Class		Link	Load	Size
C:\Program Files\Microchip\xc8\v2.41\pic\sources\c99\common\isprint.c
		_isprint       		CODE           	17730	0000	46

C:\Program Files\Microchip\xc8\v2.41\pic\sources\c99\common\isprint.c estimated size: 46

C:\Program Files\Microchip\xc8\v2.41\pic\sources\c99\common\awmod.c
		___awmod       		CODE           	161CC	0000	178

C:\Program Files\Microchip\xc8\v2.41\pic\sources\c99\common\awmod.c estimated size: 178

bsp/leds.c
		_LED_Off       		CODE           	17220	0000	74
		_LED_On        		CODE           	171D6	0000	74
		_LED_Enable    		CODE           	1718C	0000	74

bsp/leds.c estimated size: 222

C:\Program Files\Microchip\xc8\v2.41\pic\sources\c99\common\fltol.c
		___fltol       		CODE           	14D4C	0000	264

C:\Program Files\Microchip\xc8\v2.41\pic\sources\c99\common\fltol.c estimated size: 264

C:\Program Files\Microchip\xc8\v2.41\pic\sources\c99\common\strlen.c
		_strlen        		CODE           	16F5C	0000	84

C:\Program Files\Microchip\xc8\v2.41\pic\sources\c99\common\strlen.c estimated size: 84

C:\Program Files\Microchip\xc8\v2.41\pic\sources\c99\common\nf_fputc.c
		_fputc         		CODE           	15A66	0000	204

C:\Program Files\Microchip\xc8\v2.41\pic\sources\c99\common\nf_fputc.c estimated size: 204

C:\Program Files\Microchip\xc8\v2.41\pic\sources\c99\common\strcmp.c
		_strcmp        		CODE           	16838	0000	122

C:\Program Files\Microchip\xc8\v2.41\pic\sources\c99\common\strcmp.c estimated size: 122

C:\Program Files\Microchip\xc8\v2.41\pic\sources\c99\common\memset.c
		_memset        		CODE           	13268	0000	376

C:\Program Files\Microchip\xc8\v2.41\pic\sources\c99\common\memset.c estimated size: 376

C:\Program Files\Microchip\xc8\v2.41\pic\sources\c99\common\nf_sprintf.c
		_sprintf       		CODE           	17054	0000	80

C:\Program Files\Microchip\xc8\v2.41\pic\sources\c99\common\nf_sprintf.c estimated size: 80

C:\Program Files\Microchip\xc8\v2.41\pic\sources\c99\common\lwdiv.c
		___lwdiv       		CODE           	16928	0000	118

C:\Program Files\Microchip\xc8\v2.41\pic\sources\c99\common\lwdiv.c estimated size: 118

C:\Program Files\Microchip\xc8\v2.41\pic\sources\c99\common\awdiv.c
		___awdiv       		CODE           	15B32	0000	198

C:\Program Files\Microchip\xc8\v2.41\pic\sources\c99\common\awdiv.c estimated size: 198

C:\Program Files\Microchip\xc8\v2.41\pic\sources\c99\common\abs.c
		_abs           		CODE           	1740C	0000	66

C:\Program Files\Microchip\xc8\v2.41\pic\sources\c99\common\abs.c estimated size: 66

C:\Program Files\Microchip\xc8\v2.41\pic\sources\c99\common\doprnt.c
		_read_prec_or_width		CODE           	15994	0000	210
		_vfpfcnvrt     		CODE           	10FF4	0000	886
		_pad           		CODE           	1627E	0000	176
		_dtoa          		CODE           	12BD0	0000	466
		_vfprintf      		CODE           	16EB2	0000	86
		_stoa          		CODE           	12F4C	0000	414
		_xtoa          		CODE           	136C8	0000	346

C:\Program Files\Microchip\xc8\v2.41\pic\sources\c99\common\doprnt.c estimated size: 2584

app_led_usb_status.c
		_APP_LEDUpdateUSBStatus		CODE           	1515A	0000	246

app_led_usb_status.c estimated size: 246

usb/usb_device.c
		_USBCtrlTrfInHandler		CODE           	14B32	0000	270
		_USBTransferOnePacket		CODE           	13BFC	0000	322
		_USBDeviceAttach		CODE           	170F4	0000	76
		_USBStdGetDscHandler		CODE           	130EA	0000	382
		_USBCtrlEPAllowDataStage		CODE           	1648E	0000	172
		_USBStdFeatureReqHandler		CODE           	10C7E	0000	886
		_USBCtrlEPAllowStatusStage		CODE           	15346	0000	238
		_USBCtrlTrfSetupHandler		CODE           	1671A	0000	144
		_USBCtrlTrfOutHandler		CODE           	1699E	0000	116
		_USBCtrlEPServiceComplete		CODE           	13E80	0000	320
		_USBSuspend    		CODE           	176D0	0000	48
		_USBStdSetCfgHandler		CODE           	15522	0000	236
		_USBStdGetStatusHandler		CODE           	1449E	0000	290
		_USBWakeFromSuspend		CODE           	173CA	0000	66
		_USBCtrlTrfRxService		CODE           	13AB8	0000	324
		_USBCtrlTrfTxService		CODE           	1490A	0000	276
		_USBEnableEndpoint		CODE           	16F08	0000	84
		_USBConfigureEndpoint		CODE           	16066	0000	180
		_USBDeviceInit 		CODE           	13822	0000	334
		_USBIncrement1msInternalTimers		CODE           	17638	0000	52
		_USBCtrlEPService		CODE           	15E3A	0000	186
		_USBStallHandler		CODE           	16D92	0000	98
		_USBDeviceTasks		CODE           	12320	0000	582
		_USBCheckStdRequest		CODE           	1437C	0000	290

usb/usb_device.c estimated size: 5972

usb/usb_device_cdc.c
		_CDCTxService  		CODE           	12DA2	0000	426
		_CDCInitEP     		CODE           	16CBE	0000	108
		_putsUSBUSART  		CODE           	16A86	0000	116
		_putUSBUSART   		CODE           	17700	0000	48
		_Wait2TxRedy   		CODE           	17996	0000	20
		_putrsUSBUSART 		CODE           	16A12	0000	116
		_getsUSBUSART  		CODE           	15FAE	0000	184
		_USBCheckCDCRequest		CODE           	14E54	0000	264

usb/usb_device_cdc.c estimated size: 1282

shared
		i2_USBIncrement1msInternalTimers		CODE           	1766C	0000	52
		_configDescriptor1		MEDIUMCONST    	F811	0000	67
		i2_APP_LEDUpdateUSBStatus		CODE           	15250	0000	246
		_USB_CD_Ptr    		MEDIUMCONST    	F5F2	0000	2
		_sd001         		MEDIUMCONST    	F888	0000	52
		i2_BUTTON_Enable		CODE           	17588	0000	60
		i2_USBCtrlEPService		CODE           	15EF4	0000	186
		i2_USBCtrlEPServiceComplete		CODE           	13FC0	0000	320
		i2_USBCtrlTrfSetupHandler		CODE           	167AA	0000	142
		_com_list      		MEDIUMCONST    	F798	0000	121
		_com           		MEDIUMCONST    	F5B7	0000	44
		_sd002         		MEDIUMCONST    	F854	0000	52
		i2_USBCtrlEPAllowStatusStage		CODE           	15434	0000	238
		i2_USBCtrlTrfOutHandler		CODE           	16AFA	0000	116
		i2_USBDeviceInit		CODE           	13970	0000	328
		i2_USBWakeFromSuspend		CODE           	174CE	0000	64
		i2_USBConfigureEndpoint		CODE           	163DE	0000	176
		i2_USBStdSetCfgHandler		CODE           	156FA	0000	230
		i2_USBStdGetDscHandler		CODE           	13556	0000	370
		__initialization		CODE           	15D7C	0000	180
		i2_USBStallHandler		CODE           	16DF4	0000	98
		_Deb_menue00   		MEDIUMCONST    	F5F4	0000	270
		_Deb_menue01   		MEDIUMCONST    	F702	0000	150
		_Deb_menue02   		MEDIUMCONST    	F8BC	0000	30
		_device_dsc    		MEDIUMCONST    	F8DA	0000	18
		_MenueList     		MEDIUMCONST    	F5E3	0000	9
		i2_LED_On      		CODE           	1733E	0000	70
		i2_LED_Off     		CODE           	17384	0000	70
		i2_USBStdGetStatusHandler		CODE           	147F4	0000	278
		i2_CDCInitEP   		CODE           	16D2A	0000	104
		i2_USER_USB_CALLBACK_EVENT_HANDLER		CODE           	1632E	0000	176
		i2_SYSTEM_Initialize		CODE           	16682	0000	152
		i2_USBStdFeatureReqHandler		CODE           	116C0	0000	848
		_USB_SD_Ptr    		MEDIUMCONST    	F5EC	0000	6
		i2_LED_Enable  		CODE           	172F8	0000	70
		i2_memset      		CODE           	133E0	0000	374
		i2_USBCheckCDCRequest		CODE           	14F5C	0000	262
		_sd000         		MEDIUMCONST    	F8EC	0000	4
		i2_USBEnableEndpoint		CODE           	17140	0000	76
		i2_USBDeviceTasks		CODE           	12566	0000	576
		i2_USBCtrlTrfRxService		CODE           	13D3E	0000	322
		i2_USBCtrlTrfTxService		CODE           	14A1E	0000	276
		i2_USBCheckStdRequest		CODE           	145C0	0000	286
		i2_APP_DeviceCDCBasicDemoInitialize		CODE           	17884	0000	36
		i2_memcpy      		CODE           	170A4	0000	80
		i2_USBTransferOnePacket		CODE           	1423E	0000	318
		i2_USBCtrlTrfInHandler		CODE           	14C40	0000	268
		i2_USBSuspend  		CODE           	1775E	0000	46
		i2_USBCtrlEPAllowDataStage		CODE           	1653A	0000	172

shared estimated size: 8491

rtc_main.c
		_get_rtc_sec   		CODE           	17A1A	0000	6
		_get_rtc_msec  		CODE           	179F2	0000	10
		_get_rtc_usec  		CODE           	17A14	0000	6
		_Rtc_Read      		CODE           	157E0	0000	226
		_bcd2bin       		CODE           	17934	0000	26
		_rtc_disp_log  		CODE           	168B2	0000	118
		_rtc_data_init 		CODE           	178C6	0000	28

rtc_main.c estimated size: 420

usb/usb_events.c
		_USER_USB_CALLBACK_EVENT_HANDLER		CODE           	1611A	0000	178

usb/usb_events.c estimated size: 178

C:\Program Files\Microchip\xc8\v2.41\pic\sources\c99\common\memcpy.c
		_memcpy        		CODE           	17002	0000	82

C:\Program Files\Microchip\xc8\v2.41\pic\sources\c99\common\memcpy.c estimated size: 82

bsp/buttons.c
		_BUTTON_Enable 		CODE           	1744E	0000	64

bsp/buttons.c estimated size: 64

C:\Program Files\Microchip\xc8\v2.41\pic\sources\c99\common\Umul16.c
		___wmul        		CODE           	17838	0000	40

C:\Program Files\Microchip\xc8\v2.41\pic\sources\c99\common\Umul16.c estimated size: 40

C:\Program Files\Microchip\xc8\v2.41\pic\sources\c99\common\nf_fputs.c
		_fputs         		CODE           	1726A	0000	72

C:\Program Files\Microchip\xc8\v2.41\pic\sources\c99\common\nf_fputs.c estimated size: 72

debug_main.c
		_read_line_streem		CODE           	1136A	0000	854
		_uart_start_dispg		CODE           	179E2	0000	16
		_uart485_start_dispg		CODE           	17A28	0000	2
		_SetSubStringData		CODE           	108B0	0000	974
		_DispMenue     		CODE           	15BF8	0000	196
		_set_log_stop  		CODE           	175C4	0000	58
		_log_init      		CODE           	1791A	0000	26
		_main_loop_disp		CODE           	16B6E	0000	114
		_RegiDisp      		CODE           	11A10	0000	804
		_input2menu    		CODE           	158C2	0000	210
		_USB_start_dispg		CODE           	1794E	0000	24
		_DispLogData   		CODE           	10000	0000	1234
		_SetLogData    		CODE           	12038	0000	744
		_debug_main    		CODE           	127A6	0000	568

debug_main.c estimated size: 5824

usr_rs485_main.c
		_rs485_com_task		CODE           	104D2	0000	990
		_Get_rcv_data  		CODE           	176A0	0000	48
		_Send_RS485    		CODE           	16FB0	0000	82
		_Set_rcv_data  		CODE           	1778C	0000	46
		_command_rcv   		CODE           	11D34	0000	772

usr_rs485_main.c estimated size: 1938

app_device_cdc_basic.c
		_putch         		CODE           	15CBC	0000	192
		_APP_DeviceCDCBasicDemoTasks		CODE           	146DE	0000	278
		_Wait2Connect  		CODE           	179AA	0000	20
		_getch         		CODE           	175FE	0000	58
		_print_usb     		CODE           	179D0	0000	18
		_APP_DeviceCDCBasicDemoInitialize		CODE           	17860	0000	36

app_device_cdc_basic.c estimated size: 602

main.c
		_T1secMainTask 		CODE           	17A2A	0000	2
		_Timer0_init   		CODE           	17966	0000	24
		_T100msecMainTask		CODE           	129DE	0000	498
		_main          		CODE           	14100	0000	318
		_Timer1_init   		CODE           	178A8	0000	30
		_Wait          		CODE           	1754C	0000	60

main.c estimated size: 932

uart_main.c
		_uart485_init  		CODE           	172B2	0000	70
		_uart_init     		CODE           	16E56	0000	92
		_putch485      		CODE           	177E6	0000	42
		_Set_UasrtBauRaite		CODE           	177BA	0000	44

uart_main.c estimated size: 248

C:\Program Files\Microchip\xc8\v2.41\pic\sources\c99\common\strncmp.c
		_strncmp       		CODE           	15062	0000	248

C:\Program Files\Microchip\xc8\v2.41\pic\sources\c99\common\strncmp.c estimated size: 248

system.c
		_Interrupt_Timer0		CODE           	16C50	0000	110
		_Interrupt_Timer1		CODE           	1750E	0000	62
		_ssCount_Timer 		CODE           	16BE0	0000	112
		_Init_Timer    		CODE           	1748E	0000	64
		_Interrupt_USB 		CODE           	17A20	0000	6
		_Interrupt_RTC 		CODE           	17A2C	0000	2
		_Interrupt_Rx1 		CODE           	17A0C	0000	8
		_high_isr      		CODE           	0008	0000	242
		_Check1secTask 		CODE           	178E2	0000	28
		_Clear100msTaskFlg		CODE           	17A04	0000	8
		_Check100msTask		CODE           	178FE	0000	28
		_Clear1secTaskFlg		CODE           	179FC	0000	8
		_SYSTEM_Initialize		CODE           	165E6	0000	156
		_low_isr       		CODE           	0018	0000	14

system.c estimated size: 848

C:\Program Files\Microchip\xc8\v2.41\pic\sources\c99\common\printf.c
		_printf        		CODE           	17810	0000	40

C:\Program Files\Microchip\xc8\v2.41\pic\sources\c99\common\printf.c estimated size: 40

