Microchip MPLAB XC8 Compiler V2.41

Linker command line:

-W-3 \
  --edf=C:\Program Files\Microchip\xc8\v2.41\pic\dat\20230208172133_en.msgs \
  -cn -h+dist/default/production\PIC18F47J53_002.X.production.sym \
  --cmf=dist/default/production\PIC18F47J53_002.X.production.cmf -z \
  -Q18F47J53 -oC:\Users\nosak\AppData\Local\Temp\xcAsvf8.\driver_tmp_3.o \
  --defsym=__MPLAB_BUILD=1 --fixupoverflow=error \
  -Mdist/default/production/PIC18F47J53_002.X.production.map \
  --md=C:\Users\nosak\AppData\Local\Temp\xcAsvf8.\driver_tmp_0.dat -E1 \
  -ver=XC8 Compiler --acfsm=1493 -ACODE=00h-01FFF7h -ACONST=00h-01FFF7h \
  -ASMALLCONST=01000h-010FFhx495,01FF00h-01FFF7h \
  -AMEDIUMCONST=01000h-0FFFFh,011000h-01FFF7h -ACOMRAM=01h-05Fh \
  -AABS1=00h-0EAFh -ABIGRAM=01h-0EAFh \
  -ARAM=060h-0FFh,0100h-01FFhx13,0E00h-0EAFh -ABANK0=060h-0FFh \
  -ABANK1=0100h-01FFh -ABANK2=0200h-02FFh -ABANK3=0300h-03FFh \
  -ABANK4=0400h-04FFh -ABANK5=0500h-05FFh -ABANK6=0600h-06FFh \
  -ABANK7=0700h-07FFh -ABANK8=0800h-08FFh -ABANK9=0900h-09FFh \
  -ABANK10=0A00h-0AFFh -ABANK11=0B00h-0BFFh -ABANK12=0C00h-0CFFh \
  -ABANK13=0D00h-0DFFh -ABANK14=0E00h-0EAFh \
  -ASFR=0EB0h-0EFFh,0F00h-0F5Fh,0F60h-0FFFh -ABIGSFR=0EB0h-0FFFh \
  -ACONFIG=01FFF8h-01FFFFh \
  -preset_vec=00h,intcode=08h,intcodelo=018h,powerup,init -pramtop=01000h \
  -psmallconst=SMALLCONST -pmediumconst=MEDIUMCONST -pconst=CONST \
  -AFARRAM=00h-00h -pjflash_buffer=01F800h \
  -prdata=COMRAM,nvrram=COMRAM,nvbit=COMRAM,rbss=COMRAM,rbit=COMRAM \
  -pfarbss=FARRAM,fardata=FARRAM,nvFARRAM=FARRAM \
  -pintsave_regs=BIGRAM,bigbss=BIGRAM,bigdata=BIGRAM -pbss=RAM \
  -pidata=CODE,irdata=CODE,ibigdata=CODE,ifardata=CODE -prparam=COMRAM \
  C:\Users\nosak\AppData\Local\Temp\xcAsvf8.\driver_tmp_14.o \
  dist/default/production\PIC18F47J53_002.X.production.o 

Object code version is 3.11

Machine type is 18F47J53



                Name                               Link     Load   Length Selector   Space Scale
C:\Users\nosak\AppData\Local\Temp\xcAsvf8.\driver_tmp_14.o
                config                            1FFF8    1FFF8        8        0       4
                init                                 26       26        4        C       0
                reset_vec                             0        0        4        0       0
dist/default/production\PIC18F47J53_002.X.production.o
                intcodelo                            18       18        E        C       0
                intcode                               8        8        6        4       0
                config                            1FFF8    1FFF8        8        0       4
                temp                                 5B       5B        1        1       1
                mediumconst                        F536     F536      ACA     7A9B       0
                text151                           180AA    180AA        2     8000       0
                text150                           17E0C    17E0C       2E     8000       0
                text149                           1808E    1808E        8     8000       0
                text148                           17326    17326       6E     8000       0
                text147                           17C0A    17C0A       3C     8000       0
                text146                           15102    15102      114     8000       0
                text145                           15324    15324      10C     8000       0
                text144                           15B18    15B18       EE     8000       0
                text143                           1441C    1441C      142     8000       0
                text142                           171D0    171D0       74     8000       0
                text141                           17F04    17F04       24     8000       0
                text140                           17A08    17A08       46     8000       0
                text139                           179C2    179C2       46     8000       0
                text138                           15934    15934       F6     8000       0
                text137                           16A06    16A06       B0     8000       0
                text136                           177C4    177C4       4C     8000       0
                text135                           147DE    147DE      13E     8000       0
                text134                           17400    17400       68     8000       0
                text133                           17BCE    17BCE       3C     8000       0
                text132                           1797C    1797C       46     8000       0
                text131                           16D58    16D58       98     8000       0
                text130                           15640    15640      106     8000       0
                text129                           16956    16956       B0     8000       0
                text128                           11D54    11D54      350     8000       0
                text127                           13C34    13C34      172     8000       0
                text126                           14FEC    14FEC      116     8000       0
                text125                           13ABE    13ABE      176     8000       0
                text124                           15DDE    15DDE       E6     8000       0
                text123                           14DB8    14DB8      11E     8000       0
                text122                           16C10    16C10       AC     8000       0
                text121                           1469E    1469E      140     8000       0
                text120                           16E80    16E80       8E     8000       0
                text119                           17728    17728       50     8000       0
                text118                           1651C    1651C       BA     8000       0
                text117                           1404E    1404E      148     8000       0
                text116                           17CEE    17CEE       34     8000       0
                text115                           174CA    174CA       62     8000       0
                text114                           17DDE    17DDE       2E     8000       0
                text113                           17B52    17B52       40     8000       0
                text112                           128FA    128FA      240     8000       0
                text111                           180A2    180A2        6     8000       0
                text110                           172B6    172B6       70     8000       0
                intcode_body                      15CF2    15CF2       EC     8000       0
                text107                           16216    16216       C6     8000       0
                text106                           167F4    167F4       B2     8000       0
                text105                           17A90    17A90       42     8000       0
                text104                           142DA    142DA      142     8000       0
                text103                           132F8    132F8      1AA     8000       0
                text102                           1715C    1715C       74     8000       0
                text101                           163A0    163A0       C2     8000       0
                text100                           1614A    1614A       CC     8000       0
                text99                            178EE    178EE       48     8000       0
                text98                            168A6    168A6       B0     8000       0
                text97                            12F56    12F56      1D2     8000       0
                text96                            17EB8    17EB8       28     8000       0
                text95                            16078    16078       D2     8000       0
                text94                            17632    17632       54     8000       0
                text93                            134A2    134A2      19E     8000       0
                text92                            15746    15746       F8     8000       0
                text91                            13DA6    13DA6      15A     8000       0
                text90                            11674    11674      376     8000       0
                text89                            17588    17588       56     8000       0
                text88                            17E90    17E90       28     8000       0
                text87                            17D52    17D52       30     8000       0
                text86                            14ED6    14ED6      116     8000       0
                text85                            17F7E    17F7E       1C     8000       0
                text84                            17F62    17F62       1C     8000       0
                text83                            18086    18086        8     8000       0
                text82                            1807E    1807E        8     8000       0
                text81                            17B12    17B12       40     8000       0
                text80                            17FCE    17FCE       1A     8000       0
                text79                            15EC4    15EC4       E2     8000       0
                text78                            170E8    170E8       74     8000       0
                text77                            18052    18052       12     8000       0
                text76                            176D8    176D8       50     8000       0
                text75                            12D64    12D64      1F2     8000       0
                text74                            180A8    180A8        2     8000       0
                text73                            18000    18000       18     8000       0
                text72                            17F28    17F28       1E     8000       0
                text71                            17778    17778       4C     8000       0
                text70                            14C9A    14C9A      11E     8000       0
                text69                            15216    15216      10E     8000       0
                text68                            15A2A    15A2A       EE     8000       0
                text67                            14196    14196      144     8000       0
                text66                            17074    17074       74     8000       0
                text65                            17EE0    17EE0       24     8000       0
                text64                            178A4    178A4       4A     8000       0
                text63                            1785A    1785A       4A     8000       0
                text62                            1583E    1583E       F6     8000       0
                text61                            1668E    1668E       B4     8000       0
                text60                            175DE    175DE       54     8000       0
                text59                            17394    17394       6C     8000       0
                text58                            17AD2    17AD2       40     8000       0
                text57                            17810    17810       4A     8000       0
                text56                            16CBC    16CBC       9C     8000       0
                text55                            15538    15538      108     8000       0
                text54                            16742    16742       B2     8000       0
                text53                            112FE    112FE      376     8000       0
                text52                            137C8    137C8      17E     8000       0
                text51                            14B78    14B78      122     8000       0
                text50                            13946    13946      178     8000       0
                text49                            15C06    15C06       EC     8000       0
                text48                            14A56    14A56      122     8000       0
                text47                            16B64    16B64       AC     8000       0
                text46                            1455E    1455E      140     8000       0
                text45                            16DF0    16DF0       90     8000       0
                text44                            17686    17686       52     8000       0
                text43                            16462    16462       BA     8000       0
                text42                            13F00    13F00      14E     8000       0
                text41                            17CBA    17CBA       34     8000       0
                text40                            17468    17468       62     8000       0
                text39                            17D22    17D22       30     8000       0
                text38                            17A4E    17A4E       42     8000       0
                text37                            126B4    126B4      246     8000       0
                text36                            1802C    1802C       14     8000       0
                text35                            18018    18018       14     8000       0
                text34                            17FE8    17FE8       18     8000       0
                text33                            106A0    106A0      4D2     8000       0
                text32                            162DC    162DC       C4     8000       0
                text31                            120A4    120A4      324     8000       0
                text30                            17B92    17B92       3C     8000       0
                text29                            16F0E    16F0E       7A     8000       0
                text28                            15FA6    15FA6       D2     8000       0
                text27                            17FB4    17FB4       1A     8000       0
                text26                            17E66    17E66       2A     8000       0
                text25                            16FFE    16FFE       76     8000       0
                text24                            10B72    10B72      3CE     8000       0
                text23                            165D6    165D6       B8     8000       0
                text22                            17C80    17C80       3A     8000       0
                text21                            17DB0    17DB0       2E     8000       0
                text20                            119EA    119EA      36A     8000       0
                text19                            16F88    16F88       76     8000       0
                text18                            18074    18074        A     8000       0
                text17                            1809C    1809C        6     8000       0
                text16                            18096    18096        6     8000       0
                text15                            123C8    123C8      2EC     8000       0
                text14                            17C46    17C46       3A     8000       0
                text13                            12B3A    12B3A      22A     8000       0
                text12                            17244    17244       72     8000       0
                text11                            10000    10000      6A0     8000       0
                text10                            13128    13128      1D0     8000       0
                text9                             17D82    17D82       2E     8000       0
                text8                             13640    13640      188     8000       0
                text7                             15430    15430      108     8000       0
                text6                             10F40    10F40      3BE     8000       0
                text5                             17F46    17F46       1C     8000       0
                text4                             17E3A    17E3A       2C     8000       0
                text3                             17936    17936       46     8000       0
                text2                             1752C    1752C       5C     8000       0
                text1                             18064    18064       10     8000       0
                text0                             1491C    1491C      13A     8000       0
                cstackCOMRAM                         2E       2E       2D        1       1
                cstackBANK0                          60       60       7D       60       1
                cstackBANK1                         1A1      1A1       3C      100       1
                bssBIGRAMl                          500      500      248      500       1
                bssBANK4                            400      400      100      400       1
                bssBANK3                            300      300       E4      300       1
                dataBANK2                           2E0      2E0       12      200       1
                bssBANK2                            200      200       E0      200       1
                dataBANK1                           1DD      1DD       1A      100       1
                bssBANK1                            100      100       A1      100       1
                bssBANK0                             DD       DD       1C       60       1
                bssCOMRAM                             1        1       2D        1       1
                cinit                             16AB6    16AB6       AE     8000       0
                idataBANK2                        18040    18040       12     8000       0
                idataBANK1                        17F9A    17F9A       1A     8000       0

TOTAL           Name                               Link     Load   Length     Space
        CLASS   CODE           
                intcodelo                            18       18        E         0
                intcode                               8        8        6         0
                init                                 26       26        4         0
                reset_vec                             0        0        4         0
                text151                           180AA    180AA        2         0
                text150                           17E0C    17E0C       2E         0
                text149                           1808E    1808E        8         0
                text148                           17326    17326       6E         0
                text147                           17C0A    17C0A       3C         0
                text146                           15102    15102      114         0
                text145                           15324    15324      10C         0
                text144                           15B18    15B18       EE         0
                text143                           1441C    1441C      142         0
                text142                           171D0    171D0       74         0
                text141                           17F04    17F04       24         0
                text140                           17A08    17A08       46         0
                text139                           179C2    179C2       46         0
                text138                           15934    15934       F6         0
                text137                           16A06    16A06       B0         0
                text136                           177C4    177C4       4C         0
                text135                           147DE    147DE      13E         0
                text134                           17400    17400       68         0
                text133                           17BCE    17BCE       3C         0
                text132                           1797C    1797C       46         0
                text131                           16D58    16D58       98         0
                text130                           15640    15640      106         0
                text129                           16956    16956       B0         0
                text128                           11D54    11D54      350         0
                text127                           13C34    13C34      172         0
                text126                           14FEC    14FEC      116         0
                text125                           13ABE    13ABE      176         0
                text124                           15DDE    15DDE       E6         0
                text123                           14DB8    14DB8      11E         0
                text122                           16C10    16C10       AC         0
                text121                           1469E    1469E      140         0
                text120                           16E80    16E80       8E         0
                text119                           17728    17728       50         0
                text118                           1651C    1651C       BA         0
                text117                           1404E    1404E      148         0
                text116                           17CEE    17CEE       34         0
                text115                           174CA    174CA       62         0
                text114                           17DDE    17DDE       2E         0
                text113                           17B52    17B52       40         0
                text112                           128FA    128FA      240         0
                text111                           180A2    180A2        6         0
                text110                           172B6    172B6       70         0
                intcode_body                      15CF2    15CF2       EC         0
                text107                           16216    16216       C6         0
                text106                           167F4    167F4       B2         0
                text105                           17A90    17A90       42         0
                text104                           142DA    142DA      142         0
                text103                           132F8    132F8      1AA         0
                text102                           1715C    1715C       74         0
                text101                           163A0    163A0       C2         0
                text100                           1614A    1614A       CC         0
                text99                            178EE    178EE       48         0
                text98                            168A6    168A6       B0         0
                text97                            12F56    12F56      1D2         0
                text96                            17EB8    17EB8       28         0
                text95                            16078    16078       D2         0
                text94                            17632    17632       54         0
                text93                            134A2    134A2      19E         0
                text92                            15746    15746       F8         0
                text91                            13DA6    13DA6      15A         0
                text90                            11674    11674      376         0
                text89                            17588    17588       56         0
                text88                            17E90    17E90       28         0
                text87                            17D52    17D52       30         0
                text86                            14ED6    14ED6      116         0
                text85                            17F7E    17F7E       1C         0
                text84                            17F62    17F62       1C         0
                text83                            18086    18086        8         0
                text82                            1807E    1807E        8         0
                text81                            17B12    17B12       40         0
                text80                            17FCE    17FCE       1A         0
                text79                            15EC4    15EC4       E2         0
                text78                            170E8    170E8       74         0
                text77                            18052    18052       12         0
                text76                            176D8    176D8       50         0
                text75                            12D64    12D64      1F2         0
                text74                            180A8    180A8        2         0
                text73                            18000    18000       18         0
                text72                            17F28    17F28       1E         0
                text71                            17778    17778       4C         0
                text70                            14C9A    14C9A      11E         0
                text69                            15216    15216      10E         0
                text68                            15A2A    15A2A       EE         0
                text67                            14196    14196      144         0
                text66                            17074    17074       74         0
                text65                            17EE0    17EE0       24         0
                text64                            178A4    178A4       4A         0
                text63                            1785A    1785A       4A         0
                text62                            1583E    1583E       F6         0
                text61                            1668E    1668E       B4         0
                text60                            175DE    175DE       54         0
                text59                            17394    17394       6C         0
                text58                            17AD2    17AD2       40         0
                text57                            17810    17810       4A         0
                text56                            16CBC    16CBC       9C         0
                text55                            15538    15538      108         0
                text54                            16742    16742       B2         0
                text53                            112FE    112FE      376         0
                text52                            137C8    137C8      17E         0
                text51                            14B78    14B78      122         0
                text50                            13946    13946      178         0
                text49                            15C06    15C06       EC         0
                text48                            14A56    14A56      122         0
                text47                            16B64    16B64       AC         0
                text46                            1455E    1455E      140         0
                text45                            16DF0    16DF0       90         0
                text44                            17686    17686       52         0
                text43                            16462    16462       BA         0
                text42                            13F00    13F00      14E         0
                text41                            17CBA    17CBA       34         0
                text40                            17468    17468       62         0
                text39                            17D22    17D22       30         0
                text38                            17A4E    17A4E       42         0
                text37                            126B4    126B4      246         0
                text36                            1802C    1802C       14         0
                text35                            18018    18018       14         0
                text34                            17FE8    17FE8       18         0
                text33                            106A0    106A0      4D2         0
                text32                            162DC    162DC       C4         0
                text31                            120A4    120A4      324         0
                text30                            17B92    17B92       3C         0
                text29                            16F0E    16F0E       7A         0
                text28                            15FA6    15FA6       D2         0
                text27                            17FB4    17FB4       1A         0
                text26                            17E66    17E66       2A         0
                text25                            16FFE    16FFE       76         0
                text24                            10B72    10B72      3CE         0
                text23                            165D6    165D6       B8         0
                text22                            17C80    17C80       3A         0
                text21                            17DB0    17DB0       2E         0
                text20                            119EA    119EA      36A         0
                text19                            16F88    16F88       76         0
                text18                            18074    18074        A         0
                text17                            1809C    1809C        6         0
                text16                            18096    18096        6         0
                text15                            123C8    123C8      2EC         0
                text14                            17C46    17C46       3A         0
                text13                            12B3A    12B3A      22A         0
                text12                            17244    17244       72         0
                text11                            10000    10000      6A0         0
                text10                            13128    13128      1D0         0
                text9                             17D82    17D82       2E         0
                text8                             13640    13640      188         0
                text7                             15430    15430      108         0
                text6                             10F40    10F40      3BE         0
                text5                             17F46    17F46       1C         0
                text4                             17E3A    17E3A       2C         0
                text3                             17936    17936       46         0
                text2                             1752C    1752C       5C         0
                text1                             18064    18064       10         0
                text0                             1491C    1491C      13A         0
                cinit                             16AB6    16AB6       AE         0
                idataBANK2                        18040    18040       12         0
                idataBANK1                        17F9A    17F9A       1A         0

        CLASS   CONST          

        CLASS   SMALLCONST     

        CLASS   MEDIUMCONST    
                mediumconst                        F536     F536      ACA         0

        CLASS   COMRAM         
                temp                                 5B       5B        1         1
                cstackCOMRAM                         2E       2E       2D         1
                bssCOMRAM                             1        1       2D         1

        CLASS   ABS1           
                abs_s1                              D00      D00       40         1

        CLASS   BIGRAM         
                bssBIGRAMl                          500      500      248         1

        CLASS   RAM            

        CLASS   BANK0          
                cstackBANK0                          60       60       7D         1
                bssBANK0                             DD       DD       1C         1

        CLASS   BANK1          
                cstackBANK1                         1A1      1A1       3C         1
                dataBANK1                           1DD      1DD       1A         1
                bssBANK1                            100      100       A1         1

        CLASS   BANK2          
                dataBANK2                           2E0      2E0       12         1
                bssBANK2                            200      200       E0         1

        CLASS   BANK3          
                bssBANK3                            300      300       E4         1

        CLASS   BANK4          
                bssBANK4                            400      400      100         1

        CLASS   BANK5          

        CLASS   BANK6          

        CLASS   BANK7          

        CLASS   BANK8          

        CLASS   BANK9          

        CLASS   BANK10         

        CLASS   BANK11         

        CLASS   BANK12         

        CLASS   BANK13         

        CLASS   BANK14         

        CLASS   SFR            

        CLASS   BIGSFR         

        CLASS   CONFIG         
                config                            1FFF8    1FFF8        8         4

        CLASS   FARRAM         

        CLASS   HEAP           

        CLASS   STACK          

        CLASS   IDLOC          



SEGMENTS        Name                           Load    Length   Top    Selector   Space  Class

                reset_vec                      000000  000004  000004         0       0  CODE    
                bssCOMRAM                      000001  00005B  00005C         1       1  COMRAM  
                intcode                        000008  000006  00000E         4       0  CODE    
                intcodelo                      000018  000012  00002A         C       0  CODE    
                cstackBANK0                    000060  000099  0000F9        60       1  BANK0   
                bssBANK1                       000100  0000F7  0001F7       100       1  BANK1   
                bssBANK2                       000200  0000F2  0002F2       200       1  BANK2   
                bssBANK3                       000300  0000E4  0003E4       300       1  BANK3   
                bssBANK4                       000400  000100  000500       400       1  BANK4   
                bssBIGRAMl                     000500  000248  000748       500       1  BIGRAM  
                mediumconst                    00F536  000ACA  010000      7A9B       0  MEDIUMCO
                text11                         010000  0080AC  0180AC      8000       0  CODE    


UNUSED ADDRESS RANGES

        Name                Unused          Largest block    Delta
        BANK0            000F9-000FF               7
        BANK1            001F7-001FF               9
        BANK10           00A00-00AFF             100
        BANK11           00B00-00BFF             100
        BANK12           00C00-00CFF             100
        BANK13           00D40-00DFF              C0
        BANK14           00E00-00EAF              B0
        BANK2            002F2-002FF               E
        BANK3            003E4-003FF              1C
        BANK7            00748-007FF              B8
        BANK8            00800-008FF             100
        BANK9            00900-009FF             100
        BIGRAM           0005C-0005F               4
                         000F9-000FF               7
                         001F7-001FF               9
                         002F2-002FF               E
                         003E4-003FF              1C
                         00748-00CFF             5B8
                         00D40-00EAF             170
        BIGSFR           00EB0-00FFF             150
        CODE             00004-00007               4
                         0000E-00017               A
                         0002A-0F535            F50C
                         180AC-1FFF7            7F4C
        COMRAM           0005C-0005F               4
        CONST            00004-00007               4
                         0000E-00017               A
                         0002A-0F535            F50C
                         180AC-1FFF7            7F4C
        MEDIUMCONST      01000-0F535            E536
                         180AC-1FFF7            7F4C
        RAM              000F9-000FF               7
                         001F7-001FF               9
                         002F2-002FF               E
                         003E4-003FF              1C
                         00748-00CFF             100
                         00D40-00EAF              C0
        SFR              00EB0-00FFF              60
        SMALLCONST       01000-0F535             100
                         180AC-1FFF7             100

                                  Symbol Table

?_Get_end_test_pt                            cstackBANK0   00061
?_USBTransferOnePacket                       cstackBANK0   00061
?___awdiv                                    cstackBANK0   00061
?___awmod                                    cstackBANK0   00061
?___fltol                                    cstackBANK0   00061
?___lwdiv                                    cstackBANK0   00061
?___wmul                                     cstackBANK0   00061
?_abs                                        cstackBANK0   00067
?_get_rtc_msec                               cstackBANK0   00061
?_getch                                      cstackBANK0   00070
?_isprint                                    cstackBANK0   00061
?_printf                                     cstackBANK0   000B5
?_read_prec_or_width                         cstackBANK0   00067
?_sprintf                                    cstackBANK0   000B5
?_strcmp                                     cstackBANK0   00067
?_strlen                                     cstackBANK0   00061
?_strncmp                                    cstackBANK0   00061
?_vfprintf                                   cstackBANK0   000AD
?i2_USBTransferOnePacket                     cstackCOMRAM  0002E
APP_DeviceCDCBasicDemoTasks@i                cstackBANK0   000C5
APP_LEDUpdateUSBStatus@ledCount              bssCOMRAM     00020
BUTTON_Enable@button                         cstackBANK0   00063
CDCTxService@byte_to_send                    cstackBANK0   0006D
CDCTxService@i                               cstackBANK0   0006C
Check_Message@c                              cstackBANK0   000D2
Check_Message@dist                           cstackBANK0   000C9
Check_Message@end                            cstackBANK0   000CE
Check_Message@i                              cstackBANK0   000D9
Check_Message@j                              cstackBANK0   000D7
Check_Message@num                            cstackBANK0   000C5
Check_Message@src                            cstackBANK0   000C7
Check_Message@start                          cstackBANK0   000D5
Check_Message@status                         cstackBANK0   000D4
DispLogData@i                                cstackBANK0   000C9
DispLogData@rpt                              cstackBANK0   000D1
DispMenue@i                                  cstackBANK0   000CB
DispMenue@type                               cstackBANK0   000CC
Get_end_test_pt@buf                          cstackBANK0   00063
Get_end_test_pt@i                            cstackBANK0   0006A
Get_end_test_pt@num                          cstackBANK0   00061
Get_end_test_pt@rtn                          cstackBANK0   00068
Get_rcv_data@dt                              cstackBANK0   00061
Init_Timer@i                                 cstackBANK0   00061
LED_Enable@led                               cstackBANK0   00063
LED_Off@led                                  cstackBANK0   00063
LED_On@led                                   cstackBANK0   00063
Rtc_Read@dt                                  cstackBANK0   00065
Rtc_Read@rtc                                 cstackBANK0   00063
SYSTEM_Initialize@pll_startup_counter        cstackBANK0   00067
SYSTEM_Initialize@pll_startup_counter_1839   cstackBANK0   00069
SYSTEM_Initialize@state                      cstackBANK0   00066
Send_RS485@c                                 cstackBANK0   000CB
Send_RS485@i                                 cstackBANK0   000CD
Send_RS485@msg                               cstackBANK0   000C5
Send_RS485@num                               cstackBANK0   000C7
SetLogData@dt1                               cstackBANK0   00069
SetLogData@dt2                               cstackBANK0   0006A
SetLogData@dt3                               cstackBANK0   0006B
SetLogData@dt4                               cstackBANK0   0006C
SetLogData@i                                 cstackBANK0   00072
SetLogData@string                            cstackBANK0   00067
SetLogData@type                              cstackBANK0   00071
SetSubStringData@cpt                         cstackBANK0   00068
SetSubStringData@dpt                         cstackBANK0   0006A
SetSubStringData@i                           cstackBANK0   00070
SetSubStringData@keta                        cstackBANK0   0006E
SetSubStringData@num                         cstackBANK0   0006D
Set_UasrtBauRaite@dt                         cstackBANK0   00061
Set_rcv_data@dt                              cstackCOMRAM  0002E
T100msecMainTask@rtc                         cstackBANK1   001D3
T100msecMainTask@string                      cstackBANK1   001A1
USBConfigureEndpoint@EPNum                   cstackBANK0   00068
USBConfigureEndpoint@direction               cstackBANK0   00061
USBConfigureEndpoint@handle                  cstackBANK0   00069
USBCtrlTrfInHandler@lastDTS                  cstackBANK0   00062
USBCtrlTrfRxService@byteToRead               cstackBANK0   00062
USBCtrlTrfRxService@i                        cstackBANK0   00061
USBCtrlTrfTxService@byteToSend               cstackBANK0   00061
USBDeviceInit@i                              cstackBANK0   0006D
USBDeviceTasks@i                             cstackBANK0   00081
USBEnableEndpoint@ep                         cstackBANK0   0006E
USBEnableEndpoint@options                    cstackBANK0   0006B
USBEnableEndpoint@p                          cstackBANK0   0006C
USBStdFeatureReqHandler@current_ep_data      cstackBANK0   0007B
USBStdFeatureReqHandler@p                    cstackBANK0   0007C
USBStdFeatureReqHandler@pUEP                 cstackBANK0   00079
USBStdGetStatusHandler@p                     cstackBANK0   00063
USBStdSetCfgHandler@i                        cstackBANK0   00077
USBTransferOnePacket@data                    cstackBANK0   00062
USBTransferOnePacket@dir                     cstackBANK0   00061
USBTransferOnePacket@ep                      cstackBANK0   00069
USBTransferOnePacket@handle                  cstackBANK0   0006A
USBTransferOnePacket@len                     cstackBANK0   00064
USER_USB_CALLBACK_EVENT_HANDLER@event        cstackBANK0   0006F
USER_USB_CALLBACK_EVENT_HANDLER@pdata        cstackBANK0   00071
USER_USB_CALLBACK_EVENT_HANDLER@size         cstackBANK0   00073
Wait@i                                       cstackBANK0   00064
Wait@num                                     cstackBANK0   00061
_ANCON0                                      (abs)         00F48
_ANCON1                                      (abs)         00F49
_ANCON1bits                                  (abs)         00F49
_APP_DeviceCDCBasicDemoInitialize            text65        17EE0
_APP_DeviceCDCBasicDemoTasks                 text86        14ED6
_APP_LEDUpdateUSBStatus                      text62        1583E
_BAUDCON1                                    (abs)         00F7E
_BAUDCON1bits                                (abs)         00F7E
_BAUDCON2                                    (abs)         00F7C
_BAUDCON2bits                                (abs)         00F7C
_BDT                                         (abs)         00D00
_BUTTON_Enable                               text58        17AD2
_BaudRateGen                                 bssBANK1      0012A
_BothEP0OutUOWNsSet                          bssCOMRAM     00029
_CDCDataInHandle                             bssBANK1      0013A
_CDCDataOutHandle                            bssBANK0      000E1
_CDCInitEP                                   text59        17394
_CDCTxService                                text103       132F8
_CharConv                                    dataBANK1     001DD
_Check100msTask                              text85        17F7E
_Check1secTask                               text84        17F62
_Check_Message                               text11        10000
_Check_Message$5184                          cstackBANK0   000D0
_Clear100msTaskFlg                           text83        18086
_Clear1secTaskFlg                            text82        1807E
_CtrlTrfData                                 (abs)         00D38
_Deb_menue00                                 mediumconst   0F58C
_Deb_menue01                                 mediumconst   0F69A
_Deb_menue02                                 mediumconst   0F854
_DispLogData                                 text33        106A0
_DispLogData$6236                            cstackBANK0   000CF
_DispLogData$6237                            cstackBANK0   000CD
_DispLogData$6238                            cstackBANK0   000CB
_DispLogData$6239                            cstackBANK0   000C7
_DispMenue                                   text32        162DC
_EECON2                                      (abs)         00FA7
_FSEN                                        (abs)         079CA
_Get_end_test_pt                             text10        13128
_Get_rcv_data                                text9         17D82
_INTCON                                      (abs)         00FF2
_INTCON2                                     (abs)         00FF1
_INTCON3                                     (abs)         00FF0
_INTCONbits                                  (abs)         00FF2
_IPR1                                        (abs)         00F9F
_IPR1bits                                    (abs)         00F9F
_IPR2                                        (abs)         00FA2
_IPR2bits                                    (abs)         00FA2
_IPR3                                        (abs)         00FA5
_IPR4                                        (abs)         00F90
_IPR5                                        (abs)         00F99
_Init_Timer                                  text81        17B12
_Interrupt_RTC                               text151       180AA
_Interrupt_Rx1                               text149       1808E
_Interrupt_Timer0                            text148       17326
_Interrupt_Timer1                            text147       17C0A
_Interrupt_USB                               text111       180A2
_LATAbits                                    (abs)         00F89
_LATBbits                                    (abs)         00F8A
_LATEbits                                    (abs)         00F8D
_LED_Enable                                  text57        17810
_LED_Off                                     text64        178A4
_LED_On                                      text63        1785A
_MenueList                                   mediumconst   0F563
_OSCCON                                      (abs)         00FD3
_OSCCON2                                     (abs)         00F87
_OSCTUNE                                     (abs)         00F9B
_OSCTUNEbits                                 (abs)         00F9B
_PIE1                                        (abs)         00F9D
_PIE1bits                                    (abs)         00F9D
_PIE2                                        (abs)         00FA0
_PIE2bits                                    (abs)         00FA0
_PIE3                                        (abs)         00FA3
_PIE3bits                                    (abs)         00FA3
_PIE4                                        (abs)         00F8E
_PIE5                                        (abs)         00F91
_PIR1                                        (abs)         00F9E
_PIR1bits                                    (abs)         00F9E
_PIR2                                        (abs)         00FA1
_PIR2bits                                    (abs)         00FA1
_PIR3                                        (abs)         00FA4
_PIR3bits                                    (abs)         00FA4
_PIR4                                        (abs)         00F8F
_PIR5                                        (abs)         00F98
_PLLEN                                       (abs)         07CDE
_PORTA                                       (abs)         00F80
_PORTAbits                                   (abs)         00F80
_PORTB                                       (abs)         00F81
_PORTBbits                                   (abs)         00F81
_PORTC                                       (abs)         00F82
_PORTD                                       (abs)         00F83
_PORTDbits                                   (abs)         00F83
_PPSCONbits                                  (abs)         00EBF
_RBPU                                        (abs)         07F8F
_RCON                                        (abs)         00FD0
_RCONbits                                    (abs)         00FD0
_RCREG1                                      (abs)         00FAF
_RCSTA1                                      (abs)         00FAC
_RCSTA1bits                                  (abs)         00FAC
_RCSTA2                                      (abs)         00F9C
_RCSTA2bits                                  (abs)         00F9C
_RPINR16                                     (abs)         00EF7
_RPOR23                                      (abs)         00ED7
_RTCCFGbits                                  (abs)         00F3F
_RTCVALH                                     (abs)         00F3B
_RTCVALL                                     (abs)         00F3A
_RTCdt                                       bssBANK1      0010A
_RegiDisp                                    text31        120A4
_RemoteWakeup                                bssCOMRAM     0002B
_Res_mesg                                    bssBANK1      00172
_Rtc_Read                                    text79        15EC4
_SKtimer_data                                bssBANK1      00114
_SPBRG1                                      (abs)         00FB0
_SPBRG2                                      (abs)         00FAB
_SPBRGH1                                     (abs)         00F7F
_SPBRGH2                                     (abs)         00F7D
_SSP1ADD                                     (abs)         00FC8
_SSP1CON1                                    (abs)         00FC6
_SSP1CON2                                    (abs)         00FC5
_SSP1STAT                                    (abs)         00FC7
_SSP2ADD                                     (abs)         00F74
_SSP2CON1                                    (abs)         00F72
_SSP2CON2                                    (abs)         00F71
_SSP2STAT                                    (abs)         00F73
_SYSTEM_Initialize                           text56        16CBC
_Send_RS485                                  text8         13640
_Send_RS485$5163                             cstackBANK0   000C9
_SetLogData                                  text15        123C8
_SetSubStringData                            text24        10B72
_Set_UasrtBauRaite                           text4         17E3A
_Set_rcv_data                                text150       17E0C
_SetupPkt                                    (abs)         00D30
_T0CON                                       (abs)         00FD5
_T0CONbits                                   (abs)         00FD5
_T100msecMainTask                            text75        12D64
_T1CON                                       (abs)         00FCD
_T1CONbits                                   (abs)         00FCD
_T1secMainTask                               text74        180A8
_TMR0H                                       (abs)         00FD7
_TMR0L                                       (abs)         00FD6
_TMR1H                                       (abs)         00FCF
_TMR1L                                       (abs)         00FCE
_TRISA                                       (abs)         00F92
_TRISAbits                                   (abs)         00F92
_TRISB                                       (abs)         00F93
_TRISBbits                                   (abs)         00F93
_TRISC                                       (abs)         00F94
_TRISCbits                                   (abs)         00F94
_TRISD                                       (abs)         00F95
_TRISDbits                                   (abs)         00F95
_TRISE                                       (abs)         00F96
_TRISEbits                                   (abs)         00F96
_TXREG1                                      (abs)         00FAE
_TXSTA1                                      (abs)         00FAD
_TXSTA1bits                                  (abs)         00FAD
_TXSTA2                                      (abs)         00FA8
_TXSTA2bits                                  (abs)         00FA8
_Timer0_init                                 text73        18000
_Timer1_init                                 text72        17F28
_UADDR                                       (abs)         00F38
_UCFG                                        (abs)         00F39
_UCON                                        (abs)         00F65
_UCONbits                                    (abs)         00F65
_UEIE                                        (abs)         00F37
_UEIR                                        (abs)         00F63
_UEP0                                        (abs)         00F26
_UEP0bits                                    (abs)         00F26
_UEP1                                        (abs)         00F27
_UIE                                         (abs)         00F36
_UIEbits                                     (abs)         00F36
_UIR                                         (abs)         00F62
_UIRbits                                     (abs)         00F62
_USB1msTickCount                             bssBANK1      0012E
_USBActiveConfiguration                      bssBANK0      000F8
_USBAlternateInterface                       bssBANK0      000F5
_USBBusIsSuspended                           bssCOMRAM     0002A
_USBCheckCDCRequest                          text55        15538
_USBCheckStdRequest                          text48        14A56
_USBConfigureEndpoint                        text61        1668E
_USBCtrlEPAllowDataStage                     text47        16B64
_USBCtrlEPAllowStatusStage                   text68        15A2A
_USBCtrlEPService                            text43        16462
_USBCtrlEPServiceComplete                    text46        1455E
_USBCtrlTrfInHandler                         text69        15216
_USBCtrlTrfOutHandler                        text66        17074
_USBCtrlTrfRxService                         text67        14196
_USBCtrlTrfSetupHandler                      text45        16DF0
_USBCtrlTrfTxService                         text70        14C9A
_USBDeferINDataStagePackets                  bssCOMRAM     00025
_USBDeferOUTDataStagePackets                 bssCOMRAM     00024
_USBDeferStatusStagePacket                   bssCOMRAM     00028
_USBDeviceAttach                             text71        17778
_USBDeviceInit                               text42        13F00
_USBDeviceState                              bssBANK0      000F4
_USBDeviceTasks                              text37        126B4
_USBEnableEndpoint                           text60        175DE
_USBIncrement1msInternalTimers               text41        17CBA
_USBStallHandler                             text40        17468
_USBStatusStageEnabledFlag1                  bssCOMRAM     00027
_USBStatusStageEnabledFlag2                  bssCOMRAM     00026
_USBStatusStageTimeoutCounter                bssBANK0      000EC
_USBStdFeatureReqHandler                     text53        112FE
_USBStdGetDscHandler                         text52        137C8
_USBStdGetStatusHandler                      text51        14B78
_USBStdSetCfgHandler                         text49        15C06
_USBSuspend                                  text39        17D22
_USBTicksSinceSuspendEnd                     bssCOMRAM     00023
_USBTransferOnePacket                        text104       142DA
_USBWakeFromSuspend                          text38        17A4E
_USB_CD_Ptr                                  mediumconst   0F58A
_USB_SD_Ptr                                  mediumconst   0F584
_USB_start_dispg                             text34        17FE8
_USER_USB_CALLBACK_EVENT_HANDLER             text54        16742
_USTAT                                       (abs)         00F64
_USTATcopy                                   bssBANK0      000F7
_Wait                                        text30        17B92
_Wait2Connect                                text36        1802C
_Wait2TxRedy                                 text35        18018
__HRAM                                       (abs)         00000
__H__absolute__                              __absolute__  00000
__Habs1                                      abs1          00000
__Hbank0                                     bank0         00000
__Hbank1                                     bank1         00000
__Hbank10                                    bank10        00000
__Hbank11                                    bank11        00000
__Hbank12                                    bank12        00000
__Hbank13                                    bank13        00000
__Hbank14                                    bank14        00000
__Hbank2                                     bank2         00000
__Hbank3                                     bank3         00000
__Hbank4                                     bank4         00000
__Hbank5                                     bank5         00000
__Hbank6                                     bank6         00000
__Hbank7                                     bank7         00000
__Hbank8                                     bank8         00000
__Hbank9                                     bank9         00000
__Hbigbss                                    bigbss        00000
__Hbigdata                                   bigdata       00000
__Hbigram                                    bigram        00000
__Hbigsfr                                    bigsfr        00000
__Hbss                                       bss           00000
__HbssBANK0                                  bssBANK0      00000
__HbssBANK1                                  bssBANK1      00000
__HbssBANK2                                  bssBANK2      00000
__HbssBANK3                                  bssBANK3      00000
__HbssBANK4                                  bssBANK4      00000
__HbssBIGRAMl                                bssBIGRAMl    00000
__HbssCOMRAM                                 bssCOMRAM     00000
__Hcinit                                     cinit         00000
__Hclrtext                                   clrtext       00000
__Hcomram                                    comram        00000
__Hconfig                                    config        20000
__Hconst                                     const         00000
__HcstackBANK0                               cstackBANK0   00000
__HcstackBANK1                               cstackBANK1   00000
__HcstackCOMRAM                              cstackCOMRAM  00000
__Hdata                                      data          00000
__HdataBANK1                                 dataBANK1     00000
__HdataBANK2                                 dataBANK2     00000
__Hfarbss                                    farbss        00000
__Hfardata                                   fardata       00000
__Hheap                                      heap          00000
__Hibigdata                                  ibigdata      00000
__Hidata                                     idata         00000
__HidataBANK1                                idataBANK1    00000
__HidataBANK2                                idataBANK2    00000
__Hidloc                                     idloc         00000
__Hifardata                                  ifardata      00000
__Hinit                                      init          0002A
__Hintcode                                   intcode       0000E
__Hintcode_body                              intcode_body  00000
__Hintcodelo                                 intcodelo     00026
__Hintentry                                  intentry      00000
__Hintret                                    intret        00000
__Hintsave_regs                              intsave_regs  00000
__Hirdata                                    irdata        00000
__Hjflash_buffer                             jflash_buffer 1F800
__Hmediumconst                               mediumconst   10000
__HnvFARRAM                                  nvFARRAM      00000
__Hnvbit                                     nvbit         00000
__Hnvrram                                    nvrram        00000
__Hparam                                     rparam        00000
__Hpowerup                                   powerup       00026
__Hram                                       ram           00000
__Hramtop                                    ramtop        01000
__Hrbit                                      rbit          00000
__Hrbss                                      rbss          00000
__Hrdata                                     rdata         00000
__Hreset_vec                                 reset_vec     00004
__Hrparam                                    rparam        00000
__Hsfr                                       sfr           00000
__Hsmallconst                                smallconst    00000
__Hspace_0                                   (abs)         1F800
__Hspace_1                                   (abs)         00748
__Hspace_2                                   (abs)         00000
__Hspace_4                                   (abs)         3FFF8
__Hstack                                     stack         00000
__Hstruct                                    struct        00000
__Htemp                                      temp          0005C
__Htext                                      text          00000
__Htext0                                     text0         00000
__Htext1                                     text1         00000
__Htext10                                    text10        00000
__Htext100                                   text100       00000
__Htext101                                   text101       00000
__Htext102                                   text102       00000
__Htext103                                   text103       00000
__Htext104                                   text104       00000
__Htext105                                   text105       00000
__Htext106                                   text106       00000
__Htext107                                   text107       00000
__Htext11                                    text11        00000
__Htext110                                   text110       00000
__Htext111                                   text111       00000
__Htext112                                   text112       00000
__Htext113                                   text113       00000
__Htext114                                   text114       00000
__Htext115                                   text115       00000
__Htext116                                   text116       00000
__Htext117                                   text117       00000
__Htext118                                   text118       00000
__Htext119                                   text119       00000
__Htext12                                    text12        00000
__Htext120                                   text120       00000
__Htext121                                   text121       00000
__Htext122                                   text122       00000
__Htext123                                   text123       00000
__Htext124                                   text124       00000
__Htext125                                   text125       00000
__Htext126                                   text126       00000
__Htext127                                   text127       00000
__Htext128                                   text128       00000
__Htext129                                   text129       00000
__Htext13                                    text13        00000
__Htext130                                   text130       00000
__Htext131                                   text131       00000
__Htext132                                   text132       00000
__Htext133                                   text133       00000
__Htext134                                   text134       00000
__Htext135                                   text135       00000
__Htext136                                   text136       00000
__Htext137                                   text137       00000
__Htext138                                   text138       00000
__Htext139                                   text139       00000
__Htext14                                    text14        00000
__Htext140                                   text140       00000
__Htext141                                   text141       00000
__Htext142                                   text142       00000
__Htext143                                   text143       00000
__Htext144                                   text144       00000
__Htext145                                   text145       00000
__Htext146                                   text146       00000
__Htext147                                   text147       00000
__Htext148                                   text148       00000
__Htext149                                   text149       00000
__Htext15                                    text15        00000
__Htext150                                   text150       00000
__Htext151                                   text151       00000
__Htext16                                    text16        00000
__Htext17                                    text17        00000
__Htext18                                    text18        00000
__Htext19                                    text19        00000
__Htext2                                     text2         00000
__Htext20                                    text20        00000
__Htext21                                    text21        00000
__Htext22                                    text22        00000
__Htext23                                    text23        00000
__Htext24                                    text24        00000
__Htext25                                    text25        00000
__Htext26                                    text26        00000
__Htext27                                    text27        00000
__Htext28                                    text28        00000
__Htext29                                    text29        00000
__Htext3                                     text3         00000
__Htext30                                    text30        00000
__Htext31                                    text31        00000
__Htext32                                    text32        00000
__Htext33                                    text33        00000
__Htext34                                    text34        00000
__Htext35                                    text35        00000
__Htext36                                    text36        00000
__Htext37                                    text37        00000
__Htext38                                    text38        00000
__Htext39                                    text39        00000
__Htext4                                     text4         00000
__Htext40                                    text40        00000
__Htext41                                    text41        00000
__Htext42                                    text42        00000
__Htext43                                    text43        00000
__Htext44                                    text44        00000
__Htext45                                    text45        00000
__Htext46                                    text46        00000
__Htext47                                    text47        00000
__Htext48                                    text48        00000
__Htext49                                    text49        00000
__Htext5                                     text5         00000
__Htext50                                    text50        00000
__Htext51                                    text51        00000
__Htext52                                    text52        00000
__Htext53                                    text53        00000
__Htext54                                    text54        00000
__Htext55                                    text55        00000
__Htext56                                    text56        00000
__Htext57                                    text57        00000
__Htext58                                    text58        00000
__Htext59                                    text59        00000
__Htext6                                     text6         00000
__Htext60                                    text60        00000
__Htext61                                    text61        00000
__Htext62                                    text62        00000
__Htext63                                    text63        00000
__Htext64                                    text64        00000
__Htext65                                    text65        00000
__Htext66                                    text66        00000
__Htext67                                    text67        00000
__Htext68                                    text68        00000
__Htext69                                    text69        00000
__Htext7                                     text7         00000
__Htext70                                    text70        00000
__Htext71                                    text71        00000
__Htext72                                    text72        00000
__Htext73                                    text73        00000
__Htext74                                    text74        00000
__Htext75                                    text75        00000
__Htext76                                    text76        00000
__Htext77                                    text77        00000
__Htext78                                    text78        00000
__Htext79                                    text79        00000
__Htext8                                     text8         00000
__Htext80                                    text80        00000
__Htext81                                    text81        00000
__Htext82                                    text82        00000
__Htext83                                    text83        00000
__Htext84                                    text84        00000
__Htext85                                    text85        00000
__Htext86                                    text86        00000
__Htext87                                    text87        00000
__Htext88                                    text88        00000
__Htext89                                    text89        00000
__Htext9                                     text9         00000
__Htext90                                    text90        00000
__Htext91                                    text91        00000
__Htext92                                    text92        00000
__Htext93                                    text93        00000
__Htext94                                    text94        00000
__Htext95                                    text95        00000
__Htext96                                    text96        00000
__Htext97                                    text97        00000
__Htext98                                    text98        00000
__Htext99                                    text99        00000
__LRAM                                       (abs)         00001
__L__absolute__                              __absolute__  00000
__Labs1                                      abs1          00000
__Lbank0                                     bank0         00000
__Lbank1                                     bank1         00000
__Lbank10                                    bank10        00000
__Lbank11                                    bank11        00000
__Lbank12                                    bank12        00000
__Lbank13                                    bank13        00000
__Lbank14                                    bank14        00000
__Lbank2                                     bank2         00000
__Lbank3                                     bank3         00000
__Lbank4                                     bank4         00000
__Lbank5                                     bank5         00000
__Lbank6                                     bank6         00000
__Lbank7                                     bank7         00000
__Lbank8                                     bank8         00000
__Lbank9                                     bank9         00000
__Lbigbss                                    bigbss        00000
__Lbigdata                                   bigdata       00000
__Lbigram                                    bigram        00000
__Lbigsfr                                    bigsfr        00000
__Lbss                                       bss           00000
__LbssBANK0                                  bssBANK0      00000
__LbssBANK1                                  bssBANK1      00000
__LbssBANK2                                  bssBANK2      00000
__LbssBANK3                                  bssBANK3      00000
__LbssBANK4                                  bssBANK4      00000
__LbssBIGRAMl                                bssBIGRAMl    00000
__LbssCOMRAM                                 bssCOMRAM     00000
__Lcinit                                     cinit         00000
__Lclrtext                                   clrtext       00000
__Lcomram                                    comram        00000
__Lconfig                                    config        00000
__Lconst                                     const         00000
__LcstackBANK0                               cstackBANK0   00000
__LcstackBANK1                               cstackBANK1   00000
__LcstackCOMRAM                              cstackCOMRAM  00000
__Ldata                                      data          00000
__LdataBANK1                                 dataBANK1     00000
__LdataBANK2                                 dataBANK2     00000
__Lfarbss                                    farbss        00000
__Lfardata                                   fardata       00000
__Lheap                                      heap          00000
__Libigdata                                  ibigdata      00000
__Lidata                                     idata         00000
__LidataBANK1                                idataBANK1    00000
__LidataBANK2                                idataBANK2    00000
__Lidloc                                     idloc         00000
__Lifardata                                  ifardata      00000
__Linit                                      init          00026
__Lintcode                                   intcode       00008
__Lintcode_body                              intcode_body  00000
__Lintcodelo                                 intcodelo     00018
__Lintentry                                  intentry      00000
__Lintret                                    intret        00000
__Lintsave_regs                              intsave_regs  00000
__Lirdata                                    irdata        00000
__Ljflash_buffer                             jflash_buffer 1F800
__Lmediumconst                               mediumconst   0F536
__LnvFARRAM                                  nvFARRAM      00000
__Lnvbit                                     nvbit         00000
__Lnvrram                                    nvrram        00000
__Lparam                                     rparam        00000
__Lpowerup                                   powerup       00026
__Lram                                       ram           00000
__Lramtop                                    ramtop        01000
__Lrbit                                      rbit          00000
__Lrbss                                      rbss          00000
__Lrdata                                     rdata         00000
__Lreset_vec                                 reset_vec     00000
__Lrparam                                    rparam        00000
__Lsfr                                       sfr           00000
__Lsmallconst                                smallconst    00000
__Lspace_0                                   (abs)         00000
__Lspace_1                                   (abs)         00000
__Lspace_2                                   (abs)         00000
__Lspace_4                                   (abs)         00000
__Lstack                                     stack         00000
__Lstruct                                    struct        00000
__Ltemp                                      temp          0005B
__Ltext                                      text          00000
__Ltext0                                     text0         00000
__Ltext1                                     text1         00000
__Ltext10                                    text10        00000
__Ltext100                                   text100       00000
__Ltext101                                   text101       00000
__Ltext102                                   text102       00000
__Ltext103                                   text103       00000
__Ltext104                                   text104       00000
__Ltext105                                   text105       00000
__Ltext106                                   text106       00000
__Ltext107                                   text107       00000
__Ltext11                                    text11        00000
[...]
i2memset@c                                   cstackCOMRAM  00030
i2memset@dest                                cstackCOMRAM  0002E
i2memset@k                                   cstackCOMRAM  00036
i2memset@n                                   cstackCOMRAM  00032
i2memset@s                                   cstackCOMRAM  00038
input2menu@i                                 cstackBANK0   0006D
input2menu@rtn                               cstackBANK0   0006C
int$flags                                    temp          0005B
int_func                                     intcode_body  15CF2
intlevel0                                    text          00000
intlevel1                                    text          00000
intlevel2                                    text          00000
intlevel3                                    text          00000
isa$std                                      (abs)         00001
isa$xinst                                    (abs)         00000
isprint@c                                    cstackBANK0   00061
memcpy@d                                     cstackBANK0   00068
memcpy@d1                                    cstackBANK0   00061
memcpy@n                                     cstackBANK0   00065
memcpy@s                                     cstackBANK0   0006A
memcpy@s1                                    cstackBANK0   00063
memcpy@tmp                                   cstackBANK0   00067
memset@c                                     cstackBANK0   00063
memset@dest                                  cstackBANK0   00061
memset@k                                     cstackBANK0   00069
memset@n                                     cstackBANK0   00065
memset@s                                     cstackBANK0   0006B
pad@buf                                      cstackBANK0   00082
pad@fp                                       cstackBANK0   00080
pad@i                                        cstackBANK0   00087
pad@p                                        cstackBANK0   00084
pad@w                                        cstackBANK0   00089
print_usb@pt                                 cstackBANK0   0006E
printf@ap                                    cstackBANK0   000C3
printf@fmt                                   cstackBANK0   000B5
putUSBUSART@data                             cstackBANK0   00061
putUSBUSART@length                           cstackBANK0   00063
putch485@c                                   cstackBANK0   00061
putch@c                                      cstackBANK0   0006E
putch@i                                      cstackBANK0   0006F
putrsUSBUSART@data                           cstackBANK0   00061
putrsUSBUSART@len                            cstackBANK0   00065
putrsUSBUSART@pData                          cstackBANK0   00063
putsUSBUSART@data                            cstackBANK0   00061
putsUSBUSART@len                             cstackBANK0   00065
putsUSBUSART@pData                           cstackBANK0   00063
read_line_streem@c                           cstackBANK0   000CA
read_line_streem@i                           cstackBANK0   000CB
read_line_streem@j                           cstackBANK0   000C8
read_line_streem@sub_cnt                     cstackBANK0   000C7
read_prec_or_width@ap                        cstackBANK0   00069
read_prec_or_width@c                         cstackBANK0   0006D
read_prec_or_width@fmt                       cstackBANK0   00067
read_prec_or_width@n                         cstackBANK0   0006E
rs485_com_task@command                       cstackBANK1   001A6
rs485_com_task@dt                            cstackBANK1   001A1
rs485_com_task@dt32                          cstackBANK1   001A7
rs485_com_task@i                             cstackBANK1   001AB
rs485_com_task@num                           cstackBANK1   001AC
rs485_com_task@sum                           cstackBANK1   001A5
rtc_disp_log@dt                              cstackBANK0   000C6
rtc_disp_log@flg                             cstackBANK0   000C5
set_log_stop@flg                             cstackBANK0   00074
sprintf@ap                                   cstackBANK0   000BB
sprintf@f                                    cstackBANK0   000BD
sprintf@fmt                                  cstackBANK0   000B7
sprintf@s                                    cstackBANK0   000B5
ssCount_Timer@i                              cstackCOMRAM  00030
stackhi                                      (abs)         00000
stacklo                                      (abs)         00000
start                                        init          00026
start_initialization                         cinit         16AB6
stoa@F1156                                   dataBANK1     001ED
stoa@cp                                      cstackBANK0   00089
stoa@fp                                      cstackBANK0   00079
stoa@i                                       cstackBANK0   00085
stoa@l                                       cstackBANK0   0008D
stoa@nuls                                    cstackBANK0   0007E
stoa@p                                       cstackBANK0   0008B
stoa@s                                       cstackBANK0   0007B
stoa@w                                       cstackBANK0   00087
strcmp@l                                     cstackBANK0   00067
strcmp@r                                     cstackBANK0   00069
strlen@a                                     cstackBANK0   00063
strlen@s                                     cstackBANK0   00061
strncmp@_l                                   cstackBANK0   00061
strncmp@_r                                   cstackBANK0   00063
strncmp@l                                    cstackBANK0   00068
strncmp@n                                    cstackBANK0   00065
strncmp@r                                    cstackBANK0   0006A
ttemp5                                       temp          0005C
ttemp6                                       temp          0005F
ttemp7                                       temp          00063
uart485_init@dt                              cstackBANK0   00063
uart_init@dt                                 cstackBANK0   00063
vfpfcnvrt@ap                                 cstackBANK0   0009F
vfpfcnvrt@convarg                            cstackBANK0   000A7
vfpfcnvrt@cp                                 cstackBANK0   000AB
vfpfcnvrt@done                               cstackBANK0   000A3
vfpfcnvrt@fmt                                cstackBANK0   0009D
vfpfcnvrt@fp                                 cstackBANK0   0009B
vfprintf@ap                                  cstackBANK0   000B1
vfprintf@cfmt                                cstackBANK0   000B3
vfprintf@fmt                                 cstackBANK0   000AF
vfprintf@fp                                  cstackBANK0   000AD
wtemp8                                       temp          0005C
xtoa@c                                       cstackBANK0   0009A
xtoa@d                                       cstackBANK0   0008D
xtoa@fp                                      cstackBANK0   0008B
xtoa@i                                       cstackBANK0   00098
xtoa@p                                       cstackBANK0   00094
xtoa@w                                       cstackBANK0   00096


MODULE INFORMATION

Module		Function		Class		Link	Load	Size
C:\Program Files\Microchip\xc8\v2.41\pic\sources\c99\common\isprint.c
		_isprint       		CODE           	17DB0	0000	46

C:\Program Files\Microchip\xc8\v2.41\pic\sources\c99\common\isprint.c estimated size: 46

C:\Program Files\Microchip\xc8\v2.41\pic\sources\c99\common\awmod.c
		___awmod       		CODE           	167F4	0000	178

C:\Program Files\Microchip\xc8\v2.41\pic\sources\c99\common\awmod.c estimated size: 178

bsp/leds.c
		_LED_Off       		CODE           	178A4	0000	74
		_LED_On        		CODE           	1785A	0000	74
		_LED_Enable    		CODE           	17810	0000	74

bsp/leds.c estimated size: 222

C:\Program Files\Microchip\xc8\v2.41\pic\sources\c99\common\fltol.c
		___fltol       		CODE           	15430	0000	264

C:\Program Files\Microchip\xc8\v2.41\pic\sources\c99\common\fltol.c estimated size: 264

C:\Program Files\Microchip\xc8\v2.41\pic\sources\c99\common\strlen.c
		_strlen        		CODE           	17632	0000	84

C:\Program Files\Microchip\xc8\v2.41\pic\sources\c99\common\strlen.c estimated size: 84

C:\Program Files\Microchip\xc8\v2.41\pic\sources\c99\common\nf_fputc.c
		_fputc         		CODE           	1614A	0000	204

C:\Program Files\Microchip\xc8\v2.41\pic\sources\c99\common\nf_fputc.c estimated size: 204

C:\Program Files\Microchip\xc8\v2.41\pic\sources\c99\common\strcmp.c
		_strcmp        		CODE           	16F0E	0000	122

C:\Program Files\Microchip\xc8\v2.41\pic\sources\c99\common\strcmp.c estimated size: 122

C:\Program Files\Microchip\xc8\v2.41\pic\sources\c99\common\memset.c
		_memset        		CODE           	13946	0000	376

C:\Program Files\Microchip\xc8\v2.41\pic\sources\c99\common\memset.c estimated size: 376

C:\Program Files\Microchip\xc8\v2.41\pic\sources\c99\common\nf_sprintf.c
		_sprintf       		CODE           	176D8	0000	80

C:\Program Files\Microchip\xc8\v2.41\pic\sources\c99\common\nf_sprintf.c estimated size: 80

C:\Program Files\Microchip\xc8\v2.41\pic\sources\c99\common\lwdiv.c
		___lwdiv       		CODE           	16FFE	0000	118

C:\Program Files\Microchip\xc8\v2.41\pic\sources\c99\common\lwdiv.c estimated size: 118

C:\Program Files\Microchip\xc8\v2.41\pic\sources\c99\common\awdiv.c
		___awdiv       		CODE           	16216	0000	198

C:\Program Files\Microchip\xc8\v2.41\pic\sources\c99\common\awdiv.c estimated size: 198

C:\Program Files\Microchip\xc8\v2.41\pic\sources\c99\common\abs.c
		_abs           		CODE           	17A90	0000	66

C:\Program Files\Microchip\xc8\v2.41\pic\sources\c99\common\abs.c estimated size: 66

C:\Program Files\Microchip\xc8\v2.41\pic\sources\c99\common\doprnt.c
		_read_prec_or_width		CODE           	16078	0000	210
		_vfpfcnvrt     		CODE           	11674	0000	886
		_pad           		CODE           	168A6	0000	176
		_dtoa          		CODE           	12F56	0000	466
		_vfprintf      		CODE           	17588	0000	86
		_stoa          		CODE           	134A2	0000	414
		_xtoa          		CODE           	13DA6	0000	346

C:\Program Files\Microchip\xc8\v2.41\pic\sources\c99\common\doprnt.c estimated size: 2584

app_led_usb_status.c
		_APP_LEDUpdateUSBStatus		CODE           	1583E	0000	246

app_led_usb_status.c estimated size: 246

usb/usb_device.c
		_USBCtrlTrfInHandler		CODE           	15216	0000	270
		_USBTransferOnePacket		CODE           	142DA	0000	322
		_USBDeviceAttach		CODE           	17778	0000	76
		_USBStdGetDscHandler		CODE           	137C8	0000	382
		_USBCtrlEPAllowDataStage		CODE           	16B64	0000	172
		_USBStdFeatureReqHandler		CODE           	112FE	0000	886
		_USBCtrlEPAllowStatusStage		CODE           	15A2A	0000	238
		_USBCtrlTrfSetupHandler		CODE           	16DF0	0000	144
		_USBCtrlTrfOutHandler		CODE           	17074	0000	116
		_USBCtrlEPServiceComplete		CODE           	1455E	0000	320
		_USBSuspend    		CODE           	17D22	0000	48
		_USBStdSetCfgHandler		CODE           	15C06	0000	236
		_USBStdGetStatusHandler		CODE           	14B78	0000	290
		_USBWakeFromSuspend		CODE           	17A4E	0000	66
		_USBCtrlTrfRxService		CODE           	14196	0000	324
		_USBCtrlTrfTxService		CODE           	14C9A	0000	286
		_USBEnableEndpoint		CODE           	175DE	0000	84
		_USBConfigureEndpoint		CODE           	1668E	0000	180
		_USBDeviceInit 		CODE           	13F00	0000	334
		_USBIncrement1msInternalTimers		CODE           	17CBA	0000	52
		_USBCtrlEPService		CODE           	16462	0000	186
		_USBStallHandler		CODE           	17468	0000	98
		_USBDeviceTasks		CODE           	126B4	0000	582
		_USBCheckStdRequest		CODE           	14A56	0000	290

usb/usb_device.c estimated size: 5982

usb/usb_device_cdc.c
		_CDCTxService  		CODE           	132F8	0000	426
		_CDCInitEP     		CODE           	17394	0000	108
		_putsUSBUSART  		CODE           	1715C	0000	116
		_putUSBUSART   		CODE           	17D52	0000	48
		_Wait2TxRedy   		CODE           	18018	0000	20
		_putrsUSBUSART 		CODE           	170E8	0000	116
		_getsUSBUSART  		CODE           	165D6	0000	184
		_USBCheckCDCRequest		CODE           	15538	0000	264

usb/usb_device_cdc.c estimated size: 1282

shared
		i2_USBIncrement1msInternalTimers		CODE           	17CEE	0000	52
		_configDescriptor1		MEDIUMCONST    	F7A9	0000	67
		i2_APP_LEDUpdateUSBStatus		CODE           	15934	0000	246
		_USB_CD_Ptr    		MEDIUMCONST    	F58A	0000	2
		_message_end_text		MEDIUMCONST    	F56C	0000	8
		_sd001         		MEDIUMCONST    	F820	0000	52
		i2_BUTTON_Enable		CODE           	17BCE	0000	60
		i2_USBCtrlEPService		CODE           	1651C	0000	186
		_com_start_text		MEDIUMCONST    	F57C	0000	8
		i2_USBCtrlEPServiceComplete		CODE           	1469E	0000	320
		i2_USBCtrlTrfSetupHandler		CODE           	16E80	0000	142
		_com_list      		MEDIUMCONST    	F730	0000	121
		_com           		MEDIUMCONST    	F537	0000	44
		_sd002         		MEDIUMCONST    	F7EC	0000	52
		i2_USBCtrlEPAllowStatusStage		CODE           	15B18	0000	238
		i2_USBCtrlTrfOutHandler		CODE           	171D0	0000	116
		_res_start_text		MEDIUMCONST    	F574	0000	8
		i2_USBDeviceInit		CODE           	1404E	0000	328
		i2_USBWakeFromSuspend		CODE           	17B52	0000	64
		i2_USBConfigureEndpoint		CODE           	16A06	0000	176
		i2_USBStdSetCfgHandler		CODE           	15DDE	0000	230
		i2_USBStdGetDscHandler		CODE           	13C34	0000	370
		__initialization		CODE           	16AB6	0000	164
		i2_USBStallHandler		CODE           	174CA	0000	98
		_Deb_menue00   		MEDIUMCONST    	F58C	0000	270
		_Deb_menue01   		MEDIUMCONST    	F69A	0000	150
		_Deb_menue02   		MEDIUMCONST    	F854	0000	30
		_device_dsc    		MEDIUMCONST    	F872	0000	18
		_MenueList     		MEDIUMCONST    	F563	0000	9
		i2_LED_On      		CODE           	179C2	0000	70
		i2_LED_Off     		CODE           	17A08	0000	70
		i2_USBStdGetStatusHandler		CODE           	14FEC	0000	278
		i2_CDCInitEP   		CODE           	17400	0000	104
		i2_USER_USB_CALLBACK_EVENT_HANDLER		CODE           	16956	0000	176
		i2_SYSTEM_Initialize		CODE           	16D58	0000	152
		i2_USBStdFeatureReqHandler		CODE           	11D54	0000	848
		_USB_SD_Ptr    		MEDIUMCONST    	F584	0000	6
		i2_LED_Enable  		CODE           	1797C	0000	70
		i2_memset      		CODE           	13ABE	0000	374
		i2_USBCheckCDCRequest		CODE           	15640	0000	262
		_sd000         		MEDIUMCONST    	F884	0000	4
		i2_USBEnableEndpoint		CODE           	177C4	0000	76
		i2_USBDeviceTasks		CODE           	128FA	0000	576
		i2_USBCtrlTrfRxService		CODE           	1441C	0000	322
		i2_USBCtrlTrfTxService		CODE           	15102	0000	276
		i2_USBCheckStdRequest		CODE           	14DB8	0000	286
		i2_APP_DeviceCDCBasicDemoInitialize		CODE           	17F04	0000	36
		i2_memcpy      		CODE           	17728	0000	80
		i2_USBTransferOnePacket		CODE           	147DE	0000	318
		i2_USBCtrlTrfInHandler		CODE           	15324	0000	268
		i2_USBSuspend  		CODE           	17DDE	0000	46
		i2_USBCtrlEPAllowDataStage		CODE           	16C10	0000	172

shared estimated size: 8499

rtc_main.c
		_get_rtc_sec   		CODE           	1809C	0000	6
		_get_rtc_msec  		CODE           	18074	0000	10
		_get_rtc_usec  		CODE           	18096	0000	6
		_Rtc_Read      		CODE           	15EC4	0000	226
		_bcd2bin       		CODE           	17FCE	0000	26
		_rtc_disp_log  		CODE           	16F88	0000	118
		_rtc_data_init 		CODE           	17F46	0000	28

rtc_main.c estimated size: 420

usb/usb_events.c
		_USER_USB_CALLBACK_EVENT_HANDLER		CODE           	16742	0000	178

usb/usb_events.c estimated size: 178

C:\Program Files\Microchip\xc8\v2.41\pic\sources\c99\common\memcpy.c
		_memcpy        		CODE           	17686	0000	82

C:\Program Files\Microchip\xc8\v2.41\pic\sources\c99\common\memcpy.c estimated size: 82

bsp/buttons.c
		_BUTTON_Enable 		CODE           	17AD2	0000	64

bsp/buttons.c estimated size: 64

C:\Program Files\Microchip\xc8\v2.41\pic\sources\c99\common\Umul16.c
		___wmul        		CODE           	17EB8	0000	40

C:\Program Files\Microchip\xc8\v2.41\pic\sources\c99\common\Umul16.c estimated size: 40

C:\Program Files\Microchip\xc8\v2.41\pic\sources\c99\common\nf_fputs.c
		_fputs         		CODE           	178EE	0000	72

C:\Program Files\Microchip\xc8\v2.41\pic\sources\c99\common\nf_fputs.c estimated size: 72

debug_main.c
		_read_line_streem		CODE           	119EA	0000	874
		_uart_start_dispg		CODE           	18064	0000	16
		_SetSubStringData		CODE           	10B72	0000	974
		_DispMenue     		CODE           	162DC	0000	196
		_set_log_stop  		CODE           	17C46	0000	58
		_log_init      		CODE           	17FB4	0000	26
		_main_loop_disp		CODE           	17244	0000	114
		_RegiDisp      		CODE           	120A4	0000	804
		_input2menu    		CODE           	15FA6	0000	210
		_USB_start_dispg		CODE           	17FE8	0000	24
		_DispLogData   		CODE           	106A0	0000	1234
		_SetLogData    		CODE           	123C8	0000	748
		_debug_main    		CODE           	12B3A	0000	554

debug_main.c estimated size: 5832

usr_rs485_main.c
		_rs485_com_task		CODE           	10F40	0000	958
		_Get_rcv_data  		CODE           	17D82	0000	46
		_Check_Message 		CODE           	10000	0000	1696
		_Send_RS485    		CODE           	13640	0000	392
		_Set_rcv_data  		CODE           	17E0C	0000	46
		_Get_end_test_pt		CODE           	13128	0000	464

usr_rs485_main.c estimated size: 3602

app_device_cdc_basic.c
		_putch         		CODE           	163A0	0000	194
		_APP_DeviceCDCBasicDemoTasks		CODE           	14ED6	0000	278
		_Wait2Connect  		CODE           	1802C	0000	20
		_getch         		CODE           	17C80	0000	58
		_print_usb     		CODE           	18052	0000	18
		_APP_DeviceCDCBasicDemoInitialize		CODE           	17EE0	0000	36

app_device_cdc_basic.c estimated size: 604

main.c
		_T1secMainTask 		CODE           	180A8	0000	2
		_Timer0_init   		CODE           	18000	0000	24
		_T100msecMainTask		CODE           	12D64	0000	498
		_main          		CODE           	1491C	0000	314
		_Timer1_init   		CODE           	17F28	0000	30
		_Wait          		CODE           	17B92	0000	60

main.c estimated size: 928

uart_main.c
		_uart485_init  		CODE           	17936	0000	70
		_uart_init     		CODE           	1752C	0000	92
		_putch485      		CODE           	17E66	0000	42
		_Set_UasrtBauRaite		CODE           	17E3A	0000	44

uart_main.c estimated size: 248

C:\Program Files\Microchip\xc8\v2.41\pic\sources\c99\common\strncmp.c
		_strncmp       		CODE           	15746	0000	248

C:\Program Files\Microchip\xc8\v2.41\pic\sources\c99\common\strncmp.c estimated size: 248

system.c
		_Interrupt_Timer0		CODE           	17326	0000	110
		_Interrupt_Timer1		CODE           	17C0A	0000	60
		_ssCount_Timer 		CODE           	172B6	0000	112
		_Init_Timer    		CODE           	17B12	0000	64
		_Interrupt_USB 		CODE           	180A2	0000	6
		_Interrupt_RTC 		CODE           	180AA	0000	2
		_Interrupt_Rx1 		CODE           	1808E	0000	8
		_high_isr      		CODE           	0008	0000	242
		_Check1secTask 		CODE           	17F62	0000	28
		_Clear100msTaskFlg		CODE           	18086	0000	8
		_Check100msTask		CODE           	17F7E	0000	28
		_Clear1secTaskFlg		CODE           	1807E	0000	8
		_SYSTEM_Initialize		CODE           	16CBC	0000	156
		_low_isr       		CODE           	0018	0000	14

system.c estimated size: 846

C:\Program Files\Microchip\xc8\v2.41\pic\sources\c99\common\printf.c
		_printf        		CODE           	17E90	0000	40

C:\Program Files\Microchip\xc8\v2.41\pic\sources\c99\common\printf.c estimated size: 40

